Component: Arm Compiler for Embedded 6.18 Tool: armlink [5e4cc100]

==============================================================================

Section Cross References

    startup_stm32f103xb.o(STACK) refers (Special) to heapauxi.o(.text) for __use_two_region_memory
    startup_stm32f103xb.o(HEAP) refers (Special) to heapauxi.o(.text) for __use_two_region_memory
    startup_stm32f103xb.o(RESET) refers (Special) to heapauxi.o(.text) for __use_two_region_memory
    startup_stm32f103xb.o(RESET) refers to startup_stm32f103xb.o(STACK) for __initial_sp
    startup_stm32f103xb.o(RESET) refers to startup_stm32f103xb.o(.text) for Reset_Handler
    startup_stm32f103xb.o(RESET) refers to stm32f1xx_it.o(.text.NMI_Handler) for NMI_Handler
    startup_stm32f103xb.o(RESET) refers to stm32f1xx_it.o(.text.HardFault_Handler) for HardFault_Handler
    startup_stm32f103xb.o(RESET) refers to stm32f1xx_it.o(.text.MemManage_Handler) for MemManage_Handler
    startup_stm32f103xb.o(RESET) refers to stm32f1xx_it.o(.text.BusFault_Handler) for BusFault_Handler
    startup_stm32f103xb.o(RESET) refers to stm32f1xx_it.o(.text.UsageFault_Handler) for UsageFault_Handler
    startup_stm32f103xb.o(RESET) refers to stm32f1xx_it.o(.text.SVC_Handler) for SVC_Handler
    startup_stm32f103xb.o(RESET) refers to stm32f1xx_it.o(.text.DebugMon_Handler) for DebugMon_Handler
    startup_stm32f103xb.o(RESET) refers to stm32f1xx_it.o(.text.PendSV_Handler) for PendSV_Handler
    startup_stm32f103xb.o(RESET) refers to stm32f1xx_it.o(.text.SysTick_Handler) for SysTick_Handler
    startup_stm32f103xb.o(RESET) refers to stm32f1xx_it.o(.text.EXTI0_IRQHandler) for EXTI0_IRQHandler
    startup_stm32f103xb.o(RESET) refers to stm32f1xx_it.o(.text.EXTI1_IRQHandler) for EXTI1_IRQHandler
    startup_stm32f103xb.o(RESET) refers to stm32f1xx_it.o(.text.EXTI2_IRQHandler) for EXTI2_IRQHandler
    startup_stm32f103xb.o(RESET) refers to stm32f1xx_it.o(.text.EXTI3_IRQHandler) for EXTI3_IRQHandler
    startup_stm32f103xb.o(RESET) refers to stm32f1xx_it.o(.text.DMA1_Channel4_IRQHandler) for DMA1_Channel4_IRQHandler
    startup_stm32f103xb.o(RESET) refers to stm32f1xx_it.o(.text.TIM2_IRQHandler) for TIM2_IRQHandler
    startup_stm32f103xb.o(RESET) refers to stm32f1xx_it.o(.text.TIM3_IRQHandler) for TIM3_IRQHandler
    startup_stm32f103xb.o(RESET) refers to stm32f1xx_it.o(.text.USART1_IRQHandler) for USART1_IRQHandler
    startup_stm32f103xb.o(RESET) refers to stm32f1xx_it.o(.text.EXTI15_10_IRQHandler) for EXTI15_10_IRQHandler
    startup_stm32f103xb.o(.text) refers (Special) to heapauxi.o(.text) for __use_two_region_memory
    startup_stm32f103xb.o(.text) refers to system_stm32f1xx.o(.text.SystemInit) for SystemInit
    startup_stm32f103xb.o(.text) refers to __main.o(!!!main) for __main
    startup_stm32f103xb.o(.text) refers to startup_stm32f103xb.o(HEAP) for Heap_Mem
    startup_stm32f103xb.o(.text) refers to startup_stm32f103xb.o(STACK) for Stack_Mem
    main.o(.text.main) refers to stm32f1xx_hal.o(.text.HAL_Init) for HAL_Init
    main.o(.text.main) refers to stm32f1xx_hal_rcc.o(.text.HAL_RCC_OscConfig) for HAL_RCC_OscConfig
    main.o(.text.main) refers to stm32f1xx_hal_rcc.o(.text.HAL_RCC_ClockConfig) for HAL_RCC_ClockConfig
    main.o(.text.main) refers to gpio.o(.text.MX_GPIO_Init) for MX_GPIO_Init
    main.o(.text.main) refers to dma.o(.text.MX_DMA_Init) for MX_DMA_Init
    main.o(.text.main) refers to usart.o(.text.MX_USART1_UART_Init) for MX_USART1_UART_Init
    main.o(.text.main) refers to tim.o(.text.MX_TIM1_Init) for MX_TIM1_Init
    main.o(.text.main) refers to tim.o(.text.MX_TIM4_Init) for MX_TIM4_Init
    main.o(.text.main) refers to tim.o(.text.MX_TIM2_Init) for MX_TIM2_Init
    main.o(.text.main) refers to tim.o(.text.MX_TIM3_Init) for MX_TIM3_Init
    main.o(.text.main) refers to stm32f1xx_hal_cortex.o(.text.HAL_NVIC_SetPriority) for HAL_NVIC_SetPriority
    main.o(.text.main) refers to stm32f1xx_hal_cortex.o(.text.HAL_NVIC_EnableIRQ) for HAL_NVIC_EnableIRQ
    main.o(.text.main) refers to stm32f1xx_hal.o(.text.HAL_Delay) for HAL_Delay
    main.o(.text.main) refers to stm32f1xx_hal_gpio.o(.text.HAL_GPIO_WritePin) for HAL_GPIO_WritePin
    main.o(.text.main) refers to usart.o(.bss.huart1) for huart1
    main.o(.text.main) refers to app.o(.bss..L_MergedGlobals.15) for Buffer1
    main.o(.text.main) refers to stm32f1xx_hal_uart.o(.text.HAL_UART_Receive_IT) for HAL_UART_Receive_IT
    main.o(.text.main) refers to tim.o(.bss.htim2) for htim2
    main.o(.text.main) refers to stm32f1xx_hal_tim.o(.text.HAL_TIM_Encoder_Start) for HAL_TIM_Encoder_Start
    main.o(.text.main) refers to tim.o(.bss.htim3) for htim3
    main.o(.text.main) refers to stm32f1xx_hal_tim.o(.text.HAL_TIM_Base_Start_IT) for HAL_TIM_Base_Start_IT
    main.o(.text.main) refers to tim.o(.bss.htim4) for htim4
    main.o(.text.main) refers to stm32f1xx_hal_tim.o(.text.HAL_TIM_Base_Start) for HAL_TIM_Base_Start
[...]
    _fsub1                                   0x08006c2f   Thumb Code     0  faddsub_clz.o(x$fpl$fsub)
    x$fpl$ieeestatus                         0x08006d0a   Section        6  istatus.o(x$fpl$ieeestatus)
    x$fpl$printf1                            0x08006d10   Section        4  printf1.o(x$fpl$printf1)
    x$fpl$retnan                             0x08006d14   Section      100  retnan.o(x$fpl$retnan)
    x$fpl$scalbn                             0x08006d78   Section       92  scalbn.o(x$fpl$scalbn)
    x$fpl$scanf1                             0x08006dd4   Section        4  scanf1.o(x$fpl$scanf1)
    x$fpl$scanf2                             0x08006dd8   Section        8  scanf2.o(x$fpl$scanf2)
    x$fpl$trapveneer                         0x08006de0   Section       48  trapv.o(x$fpl$trapveneer)
    uc_hextab                                0x08006e10   Data          20  _printf_hex_int.o(.constdata)
    .constdata                               0x08006e10   Section       40  _printf_hex_int.o(.constdata)
    x$fpl$usenofp                            0x08006e10   Section        0  usenofp.o(x$fpl$usenofp)
    lc_hextab                                0x08006e24   Data          20  _printf_hex_int.o(.constdata)
    tenpwrs_x                                0x08006e38   Data          60  bigflt0.o(.constdata)
    .constdata                               0x08006e38   Section      148  bigflt0.o(.constdata)
    tenpwrs_i                                0x08006e74   Data          64  bigflt0.o(.constdata)
    HAL_RCC_GetSysClockFreq.aPredivFactorTable 0x080076fc   Data           2  stm32f1xx_hal_rcc.o(.rodata.HAL_RCC_GetSysClockFreq.aPredivFactorTable)
    [Anonymous Symbol]                       0x080076fc   Section        0  stm32f1xx_hal_rcc.o(.rodata.HAL_RCC_GetSysClockFreq.aPredivFactorTable)
    HAL_RCC_GetSysClockFreq.aPLLMULFactorTable 0x080076fe   Data          16  stm32f1xx_hal_rcc.o(.rodata.cst16)
    [Anonymous Symbol]                       0x080076fe   Section        0  stm32f1xx_hal_rcc.o(.rodata.cst16)
    .L.str.4                                 0x0800770e   Data          17  app.o(.rodata.str1.1)
    [Anonymous Symbol]                       0x0800770e   Section        0  app.o(.rodata.str1.1)
    .L.str.5                                 0x0800771f   Data          17  app.o(.rodata.str1.1)
    .L.str.6                                 0x08007730   Data          17  app.o(.rodata.str1.1)
    .L.str.7                                 0x08007741   Data          17  app.o(.rodata.str1.1)
    .L.str.8                                 0x08007752   Data          25  app.o(.rodata.str1.1)
    .L.str.3                                 0x0800776b   Data           3  app.o(.rodata.str1.1)
    .L.str.11                                0x0800776e   Data           3  app.o(.rodata.str1.1)
    c$$dinf                                  0x08007794   Section        8  fpconst.o(c$$dinf)
    c$$dmax                                  0x0800779c   Section        8  fpconst.o(c$$dmax)
    locale$$data                             0x080077a4   Section       28  lc_numeric_c.o(locale$$data)
    __lcnum_c_name                           0x080077a8   Data           2  lc_numeric_c.o(locale$$data)
    __lcnum_c_start                          0x080077b0   Data           0  lc_numeric_c.o(locale$$data)
    __lcnum_c_point                          0x080077bc   Data           0  lc_numeric_c.o(locale$$data)
    __lcnum_c_thousands                      0x080077be   Data           0  lc_numeric_c.o(locale$$data)
    __lcnum_c_grouping                       0x080077bf   Data           0  lc_numeric_c.o(locale$$data)
    __lcnum_c_end                            0x080077c0   Data           0  lc_numeric_c.o(locale$$data)
    locale$$data                             0x080077c0   Section      272  lc_ctype_c.o(locale$$data)
    __lcctype_c_name                         0x080077c4   Data           2  lc_ctype_c.o(locale$$data)
    __lcctype_c_start                        0x080077cc   Data           0  lc_ctype_c.o(locale$$data)
    __lcctype_c_end                          0x080078d0   Data           0  lc_ctype_c.o(locale$$data)
    .L_MergedGlobals                         0x20000000   Data           8  app.o(.data..L_MergedGlobals)
    [Anonymous Symbol]                       0x20000000   Section        0  app.o(.data..L_MergedGlobals)
    .bss                                     0x20000018   Section       96  libspace.o(.bss)
    .L_MergedGlobals                         0x20000078   Data           8  main.o(.bss..L_MergedGlobals)
    main.old_cnt1                            0x20000078   Data           1  main.o(.bss..L_MergedGlobals)
    [Anonymous Symbol]                       0x20000078   Section        0  main.o(.bss..L_MergedGlobals)
    main.sec_interval                        0x2000007c   Data           4  main.o(.bss..L_MergedGlobals)
    .L_MergedGlobals.15                      0x20000080   Data          52  app.o(.bss..L_MergedGlobals.15)
    [Anonymous Symbol]                       0x20000080   Section        0  app.o(.bss..L_MergedGlobals.15)
    PID_Calc_Left.LastError                  0x200000a4   Data           4  app.o(.bss..L_MergedGlobals.15)
    PID_Calc_Left.PrevError                  0x200000a8   Data           4  app.o(.bss..L_MergedGlobals.15)
    PID_Calc_Right.LastError                 0x200000ac   Data           4  app.o(.bss..L_MergedGlobals.15)
    PID_Calc_Right.PrevError                 0x200000b0   Data           4  app.o(.bss..L_MergedGlobals.15)
    SysTick_Handler.ctrlpri                  0x200000b4   Data           1  stm32f1xx_it.o(.bss.SysTick_Handler.ctrlpri)
    [Anonymous Symbol]                       0x200000b4   Section        0  stm32f1xx_it.o(.bss.SysTick_Handler.ctrlpri)
    Heap_Mem                                 0x200004c0   Data         512  startup_stm32f103xb.o(HEAP)
    HEAP                                     0x200004c0   Section      512  startup_stm32f103xb.o(HEAP)
    Stack_Mem                                0x200006c0   Data        1024  startup_stm32f103xb.o(STACK)
    STACK                                    0x200006c0   Section     1024  startup_stm32f103xb.o(STACK)
    __initial_sp                             0x20000ac0   Data           0  startup_stm32f103xb.o(STACK)

    Global Symbols

    Symbol Name                              Value     Ov Type        Size  Object(Section)

    BuildAttributes$$THM_ISAv4$P$D$K$B$S$PE$A:L22UL41UL21$X:L11$S22US41US21$IEEE1$IW$~IW$USESV6$~STKCKD$USESV7$~SHL$OTIME$ROPI$IEEEX$EBA8$UX$STANDARDLIB$REQ8$PRES8$EABIv2 0x00000000   Number         0  anon$$obj.o ABSOLUTE
    __fp_init_empty                          0x00000000   Number         0  fpinit_empty.o ABSOLUTE
    _printf_flags                            0x00000000   Number         0  printf_stubs.o ABSOLUTE
    _printf_return_value                     0x00000000   Number         0  printf_stubs.o ABSOLUTE
    _printf_sizespec                         0x00000000   Number         0  printf_stubs.o ABSOLUTE
    _printf_widthprec                        0x00000000   Number         0  printf_stubs.o ABSOLUTE
    __ARM_exceptions_init                     - Undefined Weak Reference
    __alloca_initialize                       - Undefined Weak Reference
    __arm_preinit_                            - Undefined Weak Reference
    __arm_relocate_pie_                       - Undefined Weak Reference
    __cpp_initialize__aeabi_                  - Undefined Weak Reference
    __cxa_finalize                            - Undefined Weak Reference
    __sigvec_lookup                           - Undefined Weak Reference
    _atexit_init                              - Undefined Weak Reference
    _call_atexit_fns                          - Undefined Weak Reference
    _clock_init                               - Undefined Weak Reference
    _fp_trap_init                             - Undefined Weak Reference
    _fp_trap_shutdown                         - Undefined Weak Reference
    _get_lc_collate                           - Undefined Weak Reference
    _get_lc_monetary                          - Undefined Weak Reference
    _get_lc_time                              - Undefined Weak Reference
    _getenv_init                              - Undefined Weak Reference
    _handle_redirection                       - Undefined Weak Reference
    _init_alloc                               - Undefined Weak Reference
    _init_user_alloc                          - Undefined Weak Reference
    _initio                                   - Undefined Weak Reference
    _printf_post_padding                      - Undefined Weak Reference
    _printf_pre_padding                       - Undefined Weak Reference
    _printf_truncate_signed                   - Undefined Weak Reference
    _printf_truncate_unsigned                 - Undefined Weak Reference
    _rand_init                                - Undefined Weak Reference
    _scanf_longlong                           - Undefined Weak Reference
    _scanf_mbtowc                             - Undefined Weak Reference
    _scanf_string                             - Undefined Weak Reference
    _scanf_wctomb                             - Undefined Weak Reference
    _scanf_wstring                            - Undefined Weak Reference
    _signal_finish                            - Undefined Weak Reference
    _signal_init                              - Undefined Weak Reference
    _terminate_alloc                          - Undefined Weak Reference
    _terminate_user_alloc                     - Undefined Weak Reference
    _terminateio                              - Undefined Weak Reference
    __Vectors_Size                           0x000000ec   Number         0  startup_stm32f103xb.o ABSOLUTE
    __Vectors                                0x08000000   Data           4  startup_stm32f103xb.o(RESET)
    __Vectors_End                            0x080000ec   Data           0  startup_stm32f103xb.o(RESET)
    __main                                   0x080000ed   Thumb Code     8  __main.o(!!!main)
    __scatterload                            0x080000f5   Thumb Code     0  __scatter.o(!!!scatter)
    __scatterload_rt2                        0x080000f5   Thumb Code    44  __scatter.o(!!!scatter)
    __scatterload_rt2_thumb_only             0x080000f5   Thumb Code     0  __scatter.o(!!!scatter)
    __scatterload_null                       0x08000103   Thumb Code     0  __scatter.o(!!!scatter)
    __scatterload_copy                       0x08000129   Thumb Code    26  __scatter_copy.o(!!handler_copy)
    __scatterload_zeroinit                   0x08000145   Thumb Code    28  __scatter_zi.o(!!handler_zi)
    _printf_f                                0x08000161   Thumb Code     0  _printf_f.o(.ARM.Collect$$_printf_percent$$00000003)
    _printf_percent                          0x08000161   Thumb Code     0  _printf_percent.o(.ARM.Collect$$_printf_percent$$00000000)
    _printf_d                                0x08000167   Thumb Code     0  _printf_d.o(.ARM.Collect$$_printf_percent$$00000009)
    _printf_x                                0x0800016d   Thumb Code     0  _printf_x.o(.ARM.Collect$$_printf_percent$$0000000C)
    _printf_percent_end                      0x08000173   Thumb Code     0  _printf_percent_end.o(.ARM.Collect$$_printf_percent$$00000017)
    __rt_lib_init                            0x08000177   Thumb Code     0  libinit.o(.ARM.Collect$$libinit$$00000000)
    __rt_lib_init_fp_1                       0x08000179   Thumb Code     0  libinit2.o(.ARM.Collect$$libinit$$00000002)
    __rt_lib_init_heap_1                     0x08000179   Thumb Code     0  libinit2.o(.ARM.Collect$$libinit$$0000000C)
    __rt_lib_init_lc_common                  0x08000179   Thumb Code     0  libinit2.o(.ARM.Collect$$libinit$$00000011)
    __rt_lib_init_preinit_1                  0x08000179   Thumb Code     0  libinit2.o(.ARM.Collect$$libinit$$00000006)
    __rt_lib_init_rand_1                     0x08000179   Thumb Code     0  libinit2.o(.ARM.Collect$$libinit$$00000010)
    __rt_lib_init_relocate_pie_1             0x08000179   Thumb Code     0  libinit2.o(.ARM.Collect$$libinit$$00000004)
    __rt_lib_init_user_alloc_1               0x08000179   Thumb Code     0  libinit2.o(.ARM.Collect$$libinit$$0000000E)
    __rt_lib_init_lc_collate_1               0x0800017f   Thumb Code     0  libinit2.o(.ARM.Collect$$libinit$$00000013)
    __rt_lib_init_lc_ctype_2                 0x0800017f   Thumb Code     0  libinit2.o(.ARM.Collect$$libinit$$00000014)
    __rt_lib_init_lc_ctype_1                 0x0800018b   Thumb Code     0  libinit2.o(.ARM.Collect$$libinit$$00000015)
    __rt_lib_init_lc_monetary_1              0x0800018b   Thumb Code     0  libinit2.o(.ARM.Collect$$libinit$$00000017)
    __rt_lib_init_lc_numeric_2               0x0800018b   Thumb Code     0  libinit2.o(.ARM.Collect$$libinit$$00000018)
    __rt_lib_init_alloca_1                   0x08000195   Thumb Code     0  libinit2.o(.ARM.Collect$$libinit$$00000030)
    __rt_lib_init_argv_1                     0x08000195   Thumb Code     0  libinit2.o(.ARM.Collect$$libinit$$0000002E)
    __rt_lib_init_atexit_1                   0x08000195   Thumb Code     0  libinit2.o(.ARM.Collect$$libinit$$0000001D)
    __rt_lib_init_clock_1                    0x08000195   Thumb Code     0  libinit2.o(.ARM.Collect$$libinit$$00000023)
    __rt_lib_init_cpp_1                      0x08000195   Thumb Code     0  libinit2.o(.ARM.Collect$$libinit$$00000034)
    __rt_lib_init_exceptions_1               0x08000195   Thumb Code     0  libinit2.o(.ARM.Collect$$libinit$$00000032)
    __rt_lib_init_fp_trap_1                  0x08000195   Thumb Code     0  libinit2.o(.ARM.Collect$$libinit$$00000021)
    __rt_lib_init_getenv_1                   0x08000195   Thumb Code     0  libinit2.o(.ARM.Collect$$libinit$$00000025)
    __rt_lib_init_lc_numeric_1               0x08000195   Thumb Code     0  libinit2.o(.ARM.Collect$$libinit$$00000019)
    __rt_lib_init_lc_time_1                  0x08000195   Thumb Code     0  libinit2.o(.ARM.Collect$$libinit$$0000001B)
    __rt_lib_init_return                     0x08000195   Thumb Code     0  libinit2.o(.ARM.Collect$$libinit$$00000035)
    __rt_lib_init_signal_1                   0x08000195   Thumb Code     0  libinit2.o(.ARM.Collect$$libinit$$0000001F)
    __rt_lib_init_stdio_1                    0x08000195   Thumb Code     0  libinit2.o(.ARM.Collect$$libinit$$00000027)
    __rt_lib_shutdown                        0x08000197   Thumb Code     0  libshutdown.o(.ARM.Collect$$libshutdown$$00000000)
    __rt_lib_shutdown_cpp_1                  0x08000199   Thumb Code     0  libshutdown2.o(.ARM.Collect$$libshutdown$$00000002)
    __rt_lib_shutdown_fp_trap_1              0x08000199   Thumb Code     0  libshutdown2.o(.ARM.Collect$$libshutdown$$00000007)
    __rt_lib_shutdown_heap_1                 0x08000199   Thumb Code     0  libshutdown2.o(.ARM.Collect$$libshutdown$$0000000F)
    __rt_lib_shutdown_return                 0x08000199   Thumb Code     0  libshutdown2.o(.ARM.Collect$$libshutdown$$00000010)
    __rt_lib_shutdown_signal_1               0x08000199   Thumb Code     0  libshutdown2.o(.ARM.Collect$$libshutdown$$0000000A)
    __rt_lib_shutdown_stdio_1                0x08000199   Thumb Code     0  libshutdown2.o(.ARM.Collect$$libshutdown$$00000004)
    __rt_lib_shutdown_user_alloc_1           0x08000199   Thumb Code     0  libshutdown2.o(.ARM.Collect$$libshutdown$$0000000C)
    __rt_entry                               0x0800019b   Thumb Code     0  __rtentry.o(.ARM.Collect$$rtentry$$00000000)
    __rt_entry_presh_1                       0x0800019b   Thumb Code     0  __rtentry2.o(.ARM.Collect$$rtentry$$00000002)
    __rt_entry_sh                            0x0800019b   Thumb Code     0  __rtentry4.o(.ARM.Collect$$rtentry$$00000004)
    __rt_entry_li                            0x080001a1   Thumb Code     0  __rtentry2.o(.ARM.Collect$$rtentry$$0000000A)
    __rt_entry_postsh_1                      0x080001a1   Thumb Code     0  __rtentry2.o(.ARM.Collect$$rtentry$$00000009)
    __rt_entry_main                          0x080001a5   Thumb Code     0  __rtentry2.o(.ARM.Collect$$rtentry$$0000000D)
    __rt_entry_postli_1                      0x080001a5   Thumb Code     0  __rtentry2.o(.ARM.Collect$$rtentry$$0000000C)
    __rt_exit                                0x080001ad   Thumb Code     0  rtexit.o(.ARM.Collect$$rtexit$$00000000)
    __rt_exit_ls                             0x080001af   Thumb Code     0  rtexit2.o(.ARM.Collect$$rtexit$$00000003)
    __rt_exit_prels_1                        0x080001af   Thumb Code     0  rtexit2.o(.ARM.Collect$$rtexit$$00000002)
    __rt_exit_exit                           0x080001b3   Thumb Code     0  rtexit2.o(.ARM.Collect$$rtexit$$00000004)
    Reset_Handler                            0x080001b9   Thumb Code     8  startup_stm32f103xb.o(.text)
    ADC1_2_IRQHandler                        0x080001d3   Thumb Code     0  startup_stm32f103xb.o(.text)
    CAN1_RX1_IRQHandler                      0x080001d3   Thumb Code     0  startup_stm32f103xb.o(.text)
    CAN1_SCE_IRQHandler                      0x080001d3   Thumb Code     0  startup_stm32f103xb.o(.text)
    DMA1_Channel1_IRQHandler                 0x080001d3   Thumb Code     0  startup_stm32f103xb.o(.text)
    DMA1_Channel2_IRQHandler                 0x080001d3   Thumb Code     0  startup_stm32f103xb.o(.text)
    DMA1_Channel3_IRQHandler                 0x080001d3   Thumb Code     0  startup_stm32f103xb.o(.text)
    DMA1_Channel5_IRQHandler                 0x080001d3   Thumb Code     0  startup_stm32f103xb.o(.text)
    DMA1_Channel6_IRQHandler                 0x080001d3   Thumb Code     0  startup_stm32f103xb.o(.text)
    DMA1_Channel7_IRQHandler                 0x080001d3   Thumb Code     0  startup_stm32f103xb.o(.text)
    EXTI4_IRQHandler                         0x080001d3   Thumb Code     0  startup_stm32f103xb.o(.text)
    EXTI9_5_IRQHandler                       0x080001d3   Thumb Code     0  startup_stm32f103xb.o(.text)
    FLASH_IRQHandler                         0x080001d3   Thumb Code     0  startup_stm32f103xb.o(.text)
    I2C1_ER_IRQHandler                       0x080001d3   Thumb Code     0  startup_stm32f103xb.o(.text)
    I2C1_EV_IRQHandler                       0x080001d3   Thumb Code     0  startup_stm32f103xb.o(.text)
    I2C2_ER_IRQHandler                       0x080001d3   Thumb Code     0  startup_stm32f103xb.o(.text)
    I2C2_EV_IRQHandler                       0x080001d3   Thumb Code     0  startup_stm32f103xb.o(.text)
    PVD_IRQHandler                           0x080001d3   Thumb Code     0  startup_stm32f103xb.o(.text)
    RCC_IRQHandler                           0x080001d3   Thumb Code     0  startup_stm32f103xb.o(.text)
    RTC_Alarm_IRQHandler                     0x080001d3   Thumb Code     0  startup_stm32f103xb.o(.text)
    RTC_IRQHandler                           0x080001d3   Thumb Code     0  startup_stm32f103xb.o(.text)
    SPI1_IRQHandler                          0x080001d3   Thumb Code     0  startup_stm32f103xb.o(.text)
    SPI2_IRQHandler                          0x080001d3   Thumb Code     0  startup_stm32f103xb.o(.text)
    TAMPER_IRQHandler                        0x080001d3   Thumb Code     0  startup_stm32f103xb.o(.text)
    TIM1_BRK_IRQHandler                      0x080001d3   Thumb Code     0  startup_stm32f103xb.o(.text)
    TIM1_CC_IRQHandler                       0x080001d3   Thumb Code     0  startup_stm32f103xb.o(.text)
    TIM1_TRG_COM_IRQHandler                  0x080001d3   Thumb Code     0  startup_stm32f103xb.o(.text)
    TIM1_UP_IRQHandler                       0x080001d3   Thumb Code     0  startup_stm32f103xb.o(.text)
    TIM4_IRQHandler                          0x080001d3   Thumb Code     0  startup_stm32f103xb.o(.text)
    USART2_IRQHandler                        0x080001d3   Thumb Code     0  startup_stm32f103xb.o(.text)
    USART3_IRQHandler                        0x080001d3   Thumb Code     0  startup_stm32f103xb.o(.text)
    USBWakeUp_IRQHandler                     0x080001d3   Thumb Code     0  startup_stm32f103xb.o(.text)
    USB_HP_CAN1_TX_IRQHandler                0x080001d3   Thumb Code     0  startup_stm32f103xb.o(.text)
    USB_LP_CAN1_RX0_IRQHandler               0x080001d3   Thumb Code     0  startup_stm32f103xb.o(.text)
    WWDG_IRQHandler                          0x080001d3   Thumb Code     0  startup_stm32f103xb.o(.text)
    __user_initial_stackheap                 0x080001d5   Thumb Code     0  startup_stm32f103xb.o(.text)
    __2sprintf                               0x080001f9   Thumb Code    34  noretval__2sprintf.o(.text)
    _printf_int_dec                          0x08000221   Thumb Code   104  _printf_dec.o(.text)
    _printf_int_hex                          0x08000299   Thumb Code    84  _printf_hex_int.o(.text)
    _printf_longlong_hex                     0x08000299   Thumb Code     0  _printf_hex_int.o(.text)
    __printf                                 0x080002f1   Thumb Code   270  __printf_wp.o(.text)
    __0sscanf                                0x08000401   Thumb Code    52  __0sscanf.o(.text)
    _scanf_int                               0x0800043d   Thumb Code   332  _scanf_int.o(.text)
    strlen                                   0x08000589   Thumb Code    62  strlen.o(.text)
    __aeabi_memclr                           0x080005c7   Thumb Code     0  rt_memclr.o(.text)
    __rt_memclr                              0x080005c7   Thumb Code     0  rt_memclr.o(.text)
    _memset                                  0x080005cb   Thumb Code    64  rt_memclr.o(.text)
    __use_two_region_memory                  0x0800060b   Thumb Code     2  heapauxi.o(.text)
    __rt_heap_escrow$2region                 0x0800060d   Thumb Code     2  heapauxi.o(.text)
    __rt_heap_expand$2region                 0x0800060f   Thumb Code     2  heapauxi.o(.text)
    _printf_int_common                       0x08000611   Thumb Code   178  _printf_intcommon.o(.text)
    _printf_fp_dec_real                      0x08000873   Thumb Code   620  _printf_fp_dec.o(.text)
    _printf_char_common                      0x08000aeb   Thumb Code    32  _printf_char_common.o(.text)
    _sputc                                   0x08000b11   Thumb Code    10  _sputc.o(.text)
    _chval                                   0x08000b1b   Thumb Code    28  _chval.o(.text)
    _scanf_really_real                       0x08000d85   Thumb Code   684  scanf_fp.o(.text)
    __vfscanf_char                           0x0800103d   Thumb Code    24  scanf_char.o(.text)
    _sgetc                                   0x0800105d   Thumb Code    30  _sgetc.o(.text)
    _sbackspace                              0x0800107b   Thumb Code    34  _sgetc.o(.text)
    __aeabi_memclr4                          0x0800109d   Thumb Code     0  rt_memclr_w.o(.text)
    __aeabi_memclr8                          0x0800109d   Thumb Code     0  rt_memclr_w.o(.text)
    __rt_memclr_w                            0x0800109d   Thumb Code     0  rt_memclr_w.o(.text)
    _memset_w                                0x080010a1   Thumb Code    74  rt_memclr_w.o(.text)
    __rt_locale                              0x080010ed   Thumb Code     8  rt_locale_intlibspace.o(.text)
    __aeabi_errno_addr                       0x080010f5   Thumb Code     8  rt_errno_addr_intlibspace.o(.text)
    __errno$intlibspace                      0x080010f5   Thumb Code     0  rt_errno_addr_intlibspace.o(.text)
    __rt_errno_addr$intlibspace              0x080010f5   Thumb Code     0  rt_errno_addr_intlibspace.o(.text)
    __aeabi_llsl                             0x080010fd   Thumb Code     0  llshl.o(.text)
    _ll_shift_l                              0x080010fd   Thumb Code    38  llshl.o(.text)
    _ll_udiv10                               0x08001123   Thumb Code   138  lludiv10.o(.text)
    isspace                                  0x080011ad   Thumb Code    18  isspace.o(.text)
    _printf_fp_infnan                        0x080011c1   Thumb Code   112  _printf_fp_infnan.o(.text)
    __vfscanf                                0x08001241   Thumb Code   878  _scanf.o(.text)
    _btod_etento                             0x080015b5   Thumb Code   224  bigflt0.o(.text)
    __user_libspace                          0x08001699   Thumb Code     8  libspace.o(.text)
    __user_perproc_libspace                  0x08001699   Thumb Code     0  libspace.o(.text)
    __user_perthread_libspace                0x08001699   Thumb Code     0  libspace.o(.text)
    __user_setup_stackheap                   0x080016a1   Thumb Code    74  sys_stackheap_outer.o(.text)
    __rt_ctype_table                         0x080016ed   Thumb Code    16  rt_ctype_table.o(.text)
    __read_errno                             0x080016fd   Thumb Code    10  _rserrno.o(.text)
    __set_errno                              0x08001707   Thumb Code    12  _rserrno.o(.text)
    _scanf_really_hex_real                   0x08001715   Thumb Code   786  scanf_hexfp.o(.text)
    _scanf_really_infnan                     0x08001a35   Thumb Code   292  scanf_infnan.o(.text)
    exit                                     0x08001b69   Thumb Code    18  exit.o(.text)
    strcmp                                   0x08001b7d   Thumb Code   128  strcmpv7m.o(.text)
    _sys_exit                                0x08001bfd   Thumb Code     8  sys_exit.o(.text)
    __I$use$semihosting                      0x08001c09   Thumb Code     0  use_no_semi.o(.text)
    __use_no_semihosting_swi                 0x08001c09   Thumb Code     2  use_no_semi.o(.text)
    __semihosting_library_function           0x08001c0b   Thumb Code     0  indicate_semi.o(.text)
    BusFault_Handler                         0x08001c0d   Thumb Code     2  stm32f1xx_it.o(.text.BusFault_Handler)
    DMA1_Channel4_IRQHandler                 0x08001c11   Thumb Code    12  stm32f1xx_it.o(.text.DMA1_Channel4_IRQHandler)
    DebugMon_Handler                         0x08001c1d   Thumb Code     2  stm32f1xx_it.o(.text.DebugMon_Handler)
    EXTI0_IRQHandler                         0x08001c21   Thumb Code     6  stm32f1xx_it.o(.text.EXTI0_IRQHandler)
    EXTI15_10_IRQHandler                     0x08001c29   Thumb Code    30  stm32f1xx_it.o(.text.EXTI15_10_IRQHandler)
    EXTI1_IRQHandler                         0x08001c49   Thumb Code     6  stm32f1xx_it.o(.text.EXTI1_IRQHandler)
    EXTI2_IRQHandler                         0x08001c51   Thumb Code     6  stm32f1xx_it.o(.text.EXTI2_IRQHandler)
    EXTI3_IRQHandler                         0x08001c59   Thumb Code     6  stm32f1xx_it.o(.text.EXTI3_IRQHandler)
    Error_Handler                            0x08001c61   Thumb Code    10  main.o(.text.Error_Handler)
    HAL_DMA_Abort                            0x08001c6d   Thumb Code    64  stm32f1xx_hal_dma.o(.text.HAL_DMA_Abort)
    HAL_DMA_Abort_IT                         0x08001cad   Thumb Code   172  stm32f1xx_hal_dma.o(.text.HAL_DMA_Abort_IT)
    HAL_DMA_IRQHandler                       0x08001d59   Thumb Code   360  stm32f1xx_hal_dma.o(.text.HAL_DMA_IRQHandler)
    HAL_DMA_Init                             0x08001ec1   Thumb Code   136  stm32f1xx_hal_dma.o(.text.HAL_DMA_Init)
    HAL_DMA_Start_IT                         0x08001f49   Thumb Code   152  stm32f1xx_hal_dma.o(.text.HAL_DMA_Start_IT)
    HAL_Delay                                0x08001fe1   Thumb Code    40  stm32f1xx_hal.o(.text.HAL_Delay)
    HAL_GPIO_EXTI_Callback                   0x08002009   Thumb Code   446  app.o(.text.HAL_GPIO_EXTI_Callback)
    HAL_GPIO_EXTI_IRQHandler                 0x080021c9   Thumb Code    26  stm32f1xx_hal_gpio.o(.text.HAL_GPIO_EXTI_IRQHandler)
    HAL_GPIO_Init                            0x080021e5   Thumb Code   506  stm32f1xx_hal_gpio.o(.text.HAL_GPIO_Init)
    HAL_GPIO_ReadPin                         0x080023e1   Thumb Code    10  stm32f1xx_hal_gpio.o(.text.HAL_GPIO_ReadPin)
    HAL_GPIO_TogglePin                       0x080023ed   Thumb Code    16  stm32f1xx_hal_gpio.o(.text.HAL_GPIO_TogglePin)
    HAL_GPIO_WritePin                        0x080023fd   Thumb Code    10  stm32f1xx_hal_gpio.o(.text.HAL_GPIO_WritePin)
    HAL_GetTick                              0x08002409   Thumb Code    12  stm32f1xx_hal.o(.text.HAL_GetTick)
    HAL_IncTick                              0x08002415   Thumb Code    26  stm32f1xx_hal.o(.text.HAL_IncTick)
    HAL_Init                                 0x08002431   Thumb Code    38  stm32f1xx_hal.o(.text.HAL_Init)
    HAL_InitTick                             0x08002459   Thumb Code    80  stm32f1xx_hal.o(.text.HAL_InitTick)
    HAL_MspInit                              0x080024a9   Thumb Code    66  stm32f1xx_hal_msp.o(.text.HAL_MspInit)
    HAL_NVIC_EnableIRQ                       0x080024ed   Thumb Code    32  stm32f1xx_hal_cortex.o(.text.HAL_NVIC_EnableIRQ)
    HAL_NVIC_SetPriority                     0x0800250d   Thumb Code    86  stm32f1xx_hal_cortex.o(.text.HAL_NVIC_SetPriority)
    HAL_NVIC_SetPriorityGrouping             0x08002565   Thumb Code    32  stm32f1xx_hal_cortex.o(.text.HAL_NVIC_SetPriorityGrouping)
    HAL_RCC_ClockConfig                      0x08002585   Thumb Code   442  stm32f1xx_hal_rcc.o(.text.HAL_RCC_ClockConfig)
    HAL_RCC_GetPCLK1Freq                     0x08002741   Thumb Code    38  stm32f1xx_hal_rcc.o(.text.HAL_RCC_GetPCLK1Freq)
    HAL_RCC_GetPCLK2Freq                     0x08002769   Thumb Code    38  stm32f1xx_hal_rcc.o(.text.HAL_RCC_GetPCLK2Freq)
    HAL_RCC_OscConfig                        0x08002791   Thumb Code   816  stm32f1xx_hal_rcc.o(.text.HAL_RCC_OscConfig)
    HAL_SYSTICK_Config                       0x08002ac1   Thumb Code    44  stm32f1xx_hal_cortex.o(.text.HAL_SYSTICK_Config)
    HAL_TIMEx_BreakCallback                  0x08002aed   Thumb Code     2  stm32f1xx_hal_tim_ex.o(.text.HAL_TIMEx_BreakCallback)
    HAL_TIMEx_CommutCallback                 0x08002af1   Thumb Code     2  stm32f1xx_hal_tim_ex.o(.text.HAL_TIMEx_CommutCallback)
    HAL_TIMEx_ConfigBreakDeadTime            0x08002af5   Thumb Code    76  stm32f1xx_hal_tim_ex.o(.text.HAL_TIMEx_ConfigBreakDeadTime)
    HAL_TIMEx_MasterConfigSynchronization    0x08002b41   Thumb Code   118  stm32f1xx_hal_tim_ex.o(.text.HAL_TIMEx_MasterConfigSynchronization)
    HAL_TIM_Base_Init                        0x08002bb9   Thumb Code   216  stm32f1xx_hal_tim.o(.text.HAL_TIM_Base_Init)
    HAL_TIM_Base_MspInit                     0x08002c91   Thumb Code    90  tim.o(.text.HAL_TIM_Base_MspInit)
    HAL_TIM_Base_Start                       0x08002ced   Thumb Code    94  stm32f1xx_hal_tim.o(.text.HAL_TIM_Base_Start)
    HAL_TIM_Base_Start_IT                    0x08002d4d   Thumb Code   102  stm32f1xx_hal_tim.o(.text.HAL_TIM_Base_Start_IT)
    HAL_TIM_ConfigClockSource                0x08002db5   Thumb Code   412  stm32f1xx_hal_tim.o(.text.HAL_TIM_ConfigClockSource)
    HAL_TIM_Encoder_Init                     0x08002f51   Thumb Code   312  stm32f1xx_hal_tim.o(.text.HAL_TIM_Encoder_Init)
    HAL_TIM_Encoder_MspInit                  0x08003089   Thumb Code   280  tim.o(.text.HAL_TIM_Encoder_MspInit)
    HAL_TIM_Encoder_Start                    0x080031a1   Thumb Code   204  stm32f1xx_hal_tim.o(.text.HAL_TIM_Encoder_Start)
    HAL_TIM_IC_CaptureCallback               0x0800326d   Thumb Code     2  stm32f1xx_hal_tim.o(.text.HAL_TIM_IC_CaptureCallback)
    HAL_TIM_IRQHandler                       0x08003271   Thumb Code   362  stm32f1xx_hal_tim.o(.text.HAL_TIM_IRQHandler)
    HAL_TIM_OC_DelayElapsedCallback          0x080033dd   Thumb Code     2  stm32f1xx_hal_tim.o(.text.HAL_TIM_OC_DelayElapsedCallback)
    HAL_TIM_PWM_ConfigChannel                0x080033e1   Thumb Code   506  stm32f1xx_hal_tim.o(.text.HAL_TIM_PWM_ConfigChannel)
    HAL_TIM_PWM_Init                         0x080035dd   Thumb Code   216  stm32f1xx_hal_tim.o(.text.HAL_TIM_PWM_Init)
    HAL_TIM_PWM_MspInit                      0x080036b5   Thumb Code     2  stm32f1xx_hal_tim.o(.text.HAL_TIM_PWM_MspInit)
    HAL_TIM_PWM_PulseFinishedCallback        0x080036b9   Thumb Code     2  stm32f1xx_hal_tim.o(.text.HAL_TIM_PWM_PulseFinishedCallback)
    HAL_TIM_PWM_Start                        0x080036bd   Thumb Code   194  stm32f1xx_hal_tim.o(.text.HAL_TIM_PWM_Start)
    HAL_TIM_PWM_Stop                         0x08003781   Thumb Code   162  stm32f1xx_hal_tim.o(.text.HAL_TIM_PWM_Stop)
    HAL_TIM_PeriodElapsedCallback            0x08003825   Thumb Code     2  stm32f1xx_hal_tim.o(.text.HAL_TIM_PeriodElapsedCallback)
    HAL_TIM_TriggerCallback                  0x08003829   Thumb Code     2  stm32f1xx_hal_tim.o(.text.HAL_TIM_TriggerCallback)
    HAL_UARTEx_RxEventCallback               0x0800382d   Thumb Code     2  stm32f1xx_hal_uart.o(.text.HAL_UARTEx_RxEventCallback)
    HAL_UART_ErrorCallback                   0x08003831   Thumb Code     2  stm32f1xx_hal_uart.o(.text.HAL_UART_ErrorCallback)
    HAL_UART_IRQHandler                      0x08003835   Thumb Code   754  stm32f1xx_hal_uart.o(.text.HAL_UART_IRQHandler)
    HAL_UART_Init                            0x08003b29   Thumb Code   220  stm32f1xx_hal_uart.o(.text.HAL_UART_Init)
    HAL_UART_MspInit                         0x08003c05   Thumb Code   172  usart.o(.text.HAL_UART_MspInit)
    HAL_UART_Receive_IT                      0x08003cb1   Thumb Code    84  stm32f1xx_hal_uart.o(.text.HAL_UART_Receive_IT)
    HAL_UART_RxCpltCallback                  0x08003d05   Thumb Code    68  app.o(.text.HAL_UART_RxCpltCallback)
    HAL_UART_Transmit_DMA                    0x08003d49   Thumb Code   124  stm32f1xx_hal_uart.o(.text.HAL_UART_Transmit_DMA)
    HAL_UART_TxCpltCallback                  0x08003dc5   Thumb Code    30  app.o(.text.HAL_UART_TxCpltCallback)
    HAL_UART_TxHalfCpltCallback              0x08003de5   Thumb Code     2  stm32f1xx_hal_uart.o(.text.HAL_UART_TxHalfCpltCallback)
    HardFault_Handler                        0x08003de9   Thumb Code     2  stm32f1xx_it.o(.text.HardFault_Handler)
    IIC_Init                                 0x08003ded   Thumb Code    50  bsp_iic.o(.text.IIC_Init)
    IIC_Send_Byte                            0x08003e21   Thumb Code   330  bsp_iic.o(.text.IIC_Send_Byte)
    IIC_Start                                0x08003f6d   Thumb Code    62  bsp_iic.o(.text.IIC_Start)
    IIC_Stop                                 0x08003fad   Thumb Code    50  bsp_iic.o(.text.IIC_Stop)
    IIC_Wait_Ack                             0x08003fe1   Thumb Code    70  bsp_iic.o(.text.IIC_Wait_Ack)
    MX_DMA_Init                              0x08004029   Thumb Code    32  dma.o(.text.MX_DMA_Init)
    MX_GPIO_Init                             0x08004049   Thumb Code   330  gpio.o(.text.MX_GPIO_Init)
    MX_TIM1_Init                             0x08004195   Thumb Code   378  tim.o(.text.MX_TIM1_Init)
    MX_TIM2_Init                             0x08004311   Thumb Code   100  tim.o(.text.MX_TIM2_Init)
    MX_TIM3_Init                             0x08004375   Thumb Code   104  tim.o(.text.MX_TIM3_Init)
    MX_TIM4_Init                             0x080043dd   Thumb Code   376  tim.o(.text.MX_TIM4_Init)
    MX_USART1_UART_Init                      0x08004555   Thumb Code    60  usart.o(.text.MX_USART1_UART_Init)
    MemManage_Handler                        0x08004591   Thumb Code     2  stm32f1xx_it.o(.text.MemManage_Handler)
    NMI_Handler                              0x08004595   Thumb Code     2  stm32f1xx_it.o(.text.NMI_Handler)
    OLED_Clear                               0x08004599   Thumb Code   184  oled.o(.text.OLED_Clear)
    OLED_Init                                0x08004651   Thumb Code  1044  oled.o(.text.OLED_Init)
    OLED_Set_Pos                             0x08004a65   Thumb Code   134  oled.o(.text.OLED_Set_Pos)
    OLED_ShowChar                            0x08004aed   Thumb Code   940  oled.o(.text.OLED_ShowChar)
    OLED_ShowString                          0x08004e99   Thumb Code    64  oled.o(.text.OLED_ShowString)
    PendSV_Handler                           0x08004ed9   Thumb Code     2  stm32f1xx_it.o(.text.PendSV_Handler)
    SVC_Handler                              0x08004edd   Thumb Code     2  stm32f1xx_it.o(.text.SVC_Handler)
    SysTick_Handler                          0x08004ee1   Thumb Code    38  stm32f1xx_it.o(.text.SysTick_Handler)
    SystemInit                               0x08004f09   Thumb Code     2  system_stm32f1xx.o(.text.SystemInit)
    TIM2_IRQHandler                          0x08004f0d   Thumb Code    12  stm32f1xx_it.o(.text.TIM2_IRQHandler)
    TIM3_IRQHandler                          0x08004f19   Thumb Code    12  stm32f1xx_it.o(.text.TIM3_IRQHandler)
    USART1_IRQHandler                        0x080050f1   Thumb Code    12  stm32f1xx_it.o(.text.USART1_IRQHandler)
    UsageFault_Handler                       0x080050fd   Thumb Code     2  stm32f1xx_it.o(.text.UsageFault_Handler)
    brakes                                   0x08005101   Thumb Code    78  app.o(.text.brakes)
    ctrdeal                                  0x08005151   Thumb Code   706  app.o(.text.ctrdeal)
    deal_u1dat                               0x08005415   Thumb Code   988  app.o(.text.deal_u1dat)
    main                                     0x08005879   Thumb Code   500  main.o(.text.main)
    sec_dealtask                             0x08005a81   Thumb Code   156  app.o(.text.sec_dealtask)
    u1dma_sendstr                            0x08005b79   Thumb Code    56  usart.o(.text.u1dma_sendstr)
    _btod_d2e                                0x08005bb1   Thumb Code    62  btod.o(CL$$btod_d2e)
    _d2e_denorm_low                          0x08005bef   Thumb Code    70  btod.o(CL$$btod_d2e_denorm_low)
    _d2e_norm_op1                            0x08005c35   Thumb Code    96  btod.o(CL$$btod_d2e_norm_op1)
    __btod_div_common                        0x08005c95   Thumb Code   696  btod.o(CL$$btod_div_common)
    _e2d                                     0x08005fcd   Thumb Code   122  btod.o(CL$$btod_e2d)
    _e2e                                     0x08006051   Thumb Code   220  btod.o(CL$$btod_e2e)
    _btod_ediv                               0x0800612d   Thumb Code    42  btod.o(CL$$btod_ediv)
    _btod_edivd                              0x08006157   Thumb Code    42  btod.o(CL$$btod_edivd)
    _btod_emul                               0x08006181   Thumb Code    42  btod.o(CL$$btod_emul)
    _btod_emuld                              0x080061ab   Thumb Code    42  btod.o(CL$$btod_emuld)
    __btod_mult_common                       0x080061d5   Thumb Code   580  btod.o(CL$$btod_mult_common)
    __ARM_fpclassify                         0x08006419   Thumb Code    40  fpclassify.o(i.__ARM_fpclassify)
    __mathlib_dbl_overflow                   0x08006441   Thumb Code    14  dunder.o(i.__mathlib_dbl_overflow)
    __mathlib_dbl_underflow                  0x08006451   Thumb Code    10  dunder.o(i.__mathlib_dbl_underflow)
    __mathlib_narrow                         0x08006461   Thumb Code    16  narrow.o(i.__mathlib_narrow)
    __mathlib_tofloat                        0x08006471   Thumb Code   184  narrow.o(i.__mathlib_tofloat)
    __support_ldexp                          0x0800652d   Thumb Code    22  ldexp.o(i.__support_ldexp)
    _is_digit                                0x08006543   Thumb Code    14  __printf_wp.o(i._is_digit)
    frexp                                    0x08006551   Thumb Code    80  frexp.o(i.frexp)
    ldexp                                    0x080065a9   Thumb Code   116  ldexp.o(i.ldexp)
    _get_lc_numeric                          0x0800661d   Thumb Code    44  lc_numeric_c.o(locale$$code)
    _get_lc_ctype                            0x08006649   Thumb Code    44  lc_ctype_c.o(locale$$code)
    __aeabi_d2f                              0x08006675   Thumb Code     0  d2f.o(x$fpl$d2f)
    _d2f                                     0x08006675   Thumb Code    98  d2f.o(x$fpl$d2f)
    __fpl_dcheck_NaN1                        0x080066d9   Thumb Code    10  dcheck1.o(x$fpl$dcheck1)
    __fpl_dcmp_Inf                           0x080066e9   Thumb Code    24  dcmpi.o(x$fpl$dcmpinf)
    __aeabi_cdcmpeq                          0x08006701   Thumb Code     0  deqf.o(x$fpl$deqf)
    _dcmpeq                                  0x08006701   Thumb Code   120  deqf.o(x$fpl$deqf)
    __aeabi_cdcmple                          0x08006779   Thumb Code     0  dleqf.o(x$fpl$dleqf)
    _dcmple                                  0x08006779   Thumb Code   120  dleqf.o(x$fpl$dleqf)
    __fpl_dcmple_InfNaN                      0x080067db   Thumb Code     0  dleqf.o(x$fpl$dleqf)
    __fpl_dnaninf                            0x080067f1   Thumb Code   156  dnaninf.o(x$fpl$dnaninf)
    __fpl_dretinf                            0x0800688d   Thumb Code    12  dretinf.o(x$fpl$dretinf)
    __aeabi_cdrcmple                         0x08006899   Thumb Code     0  drleqf.o(x$fpl$drleqf)
    _drcmple                                 0x08006899   Thumb Code   108  drleqf.o(x$fpl$drleqf)
    __aeabi_f2d                              0x08006905   Thumb Code     0  f2d.o(x$fpl$f2d)
    _f2d                                     0x08006905   Thumb Code    86  f2d.o(x$fpl$f2d)
    __aeabi_fadd                             0x0800695d   Thumb Code     0  faddsub_clz.o(x$fpl$fadd)
    _fadd                                    0x0800695d   Thumb Code   196  faddsub_clz.o(x$fpl$fadd)
    __aeabi_f2iz                             0x08006a21   Thumb Code     0  ffix.o(x$fpl$ffix)
    _ffix                                    0x08006a21   Thumb Code    54  ffix.o(x$fpl$ffix)
    __aeabi_i2f                              0x08006a59   Thumb Code     0  fflt_clz.o(x$fpl$fflt)
    _fflt                                    0x08006a59   Thumb Code    48  fflt_clz.o(x$fpl$fflt)
    __aeabi_fmul                             0x08006a89   Thumb Code     0  fmul.o(x$fpl$fmul)
    _fmul                                    0x08006a89   Thumb Code   258  fmul.o(x$fpl$fmul)
    __fpl_fnaninf                            0x08006b8b   Thumb Code   140  fnaninf.o(x$fpl$fnaninf)
    __fpl_fretinf                            0x08006c17   Thumb Code    10  fretinf.o(x$fpl$fretinf)
    __aeabi_fsub                             0x08006c21   Thumb Code     0  faddsub_clz.o(x$fpl$fsub)
    _fsub                                    0x08006c21   Thumb Code   234  faddsub_clz.o(x$fpl$fsub)
    __ieee_status                            0x08006d0b   Thumb Code     6  istatus.o(x$fpl$ieeestatus)
    _printf_fp_dec                           0x08006d11   Thumb Code     4  printf1.o(x$fpl$printf1)
    __fpl_return_NaN                         0x08006d15   Thumb Code   100  retnan.o(x$fpl$retnan)
    __ARM_scalbn                             0x08006d79   Thumb Code    92  scalbn.o(x$fpl$scalbn)
    _scanf_real                              0x08006dd5   Thumb Code     4  scanf1.o(x$fpl$scanf1)
    _scanf_hex_real                          0x08006dd9   Thumb Code     4  scanf2.o(x$fpl$scanf2)
    _scanf_infnan                            0x08006ddd   Thumb Code     4  scanf2.o(x$fpl$scanf2)
    __fpl_cmpreturn                          0x08006de1   Thumb Code    48  trapv.o(x$fpl$trapveneer)
    __I$use$fp                               0x08006e10   Number         0  usenofp.o(x$fpl$usenofp)
    AHBPrescTable                            0x08006ecc   Data          16  system_stm32f1xx.o(.rodata.AHBPrescTable)
    APBPrescTable                            0x08006edc   Data           8  system_stm32f1xx.o(.rodata.APBPrescTable)
    F6x8                                     0x08006ee4   Data         552  oled.o(.rodata.F6x8)
    F8X16                                    0x0800710c   Data        1520  oled.o(.rodata.F8X16)
    Region$$Table$$Base                      0x08007774   Number         0  anon$$obj.o(Region$$Table)
    Region$$Table$$Limit                     0x08007794   Number         0  anon$$obj.o(Region$$Table)
    __aeabi_HUGE_VAL                         0x08007794   Data           0  fpconst.o(c$$dinf)
    __aeabi_HUGE_VALL                        0x08007794   Data           0  fpconst.o(c$$dinf)
    __aeabi_INFINITY                         0x08007794   Data           0  fpconst.o(c$$dinf)
    __dInf                                   0x08007794   Data           0  fpconst.o(c$$dinf)
    __huge_val                               0x08007794   Data           0  fpconst.o(c$$dinf)
    __dbl_max                                0x0800779c   Data           0  fpconst.o(c$$dmax)
    __ctype                                  0x080077cd   Data           0  lc_ctype_c.o(locale$$data)
    Proportion                               0x20000000   Data           4  app.o(.data..L_MergedGlobals)
    Integral                                 0x20000004   Data           4  app.o(.data..L_MergedGlobals)
    SystemCoreClock                          0x20000008   Data           4  system_stm32f1xx.o(.data.SystemCoreClock)
    uwTickFreq                               0x2000000c   Data           1  stm32f1xx_hal.o(.data.uwTickFreq)
    uwTickPrio                               0x20000010   Data           4  stm32f1xx_hal.o(.data.uwTickPrio)
    __libspace_start                         0x20000018   Data          96  libspace.o(.bss)
    __temporary_stack_top$libspace           0x20000078   Data           0  libspace.o(.bss)
    buf1_cnt                                 0x20000080   Data           1  app.o(.bss..L_MergedGlobals.15)
    flag_move                                0x20000081   Data           1  app.o(.bss..L_MergedGlobals.15)
    flag_yaw                                 0x20000082   Data           1  app.o(.bss..L_MergedGlobals.15)
    flag_yaw_last                            0x20000083   Data           1  app.o(.bss..L_MergedGlobals.15)
    flag_IRED                                0x20000084   Data           1  app.o(.bss..L_MergedGlobals.15)
    L_Mot_speed                              0x20000085   Data           1  app.o(.bss..L_MergedGlobals.15)
    R_Mot_speed                              0x20000086   Data           1  app.o(.bss..L_MergedGlobals.15)
    set_speed                                0x20000087   Data           1  app.o(.bss..L_MergedGlobals.15)
    Buffer1                                  0x20000088   Data           1  app.o(.bss..L_MergedGlobals.15)
    pwm1                                     0x2000008a   Data           2  app.o(.bss..L_MergedGlobals.15)
    pwm2                                     0x2000008c   Data           2  app.o(.bss..L_MergedGlobals.15)
    pwm3                                     0x2000008e   Data           2  app.o(.bss..L_MergedGlobals.15)
    pwm4                                     0x20000090   Data           2  app.o(.bss..L_MergedGlobals.15)
    pm1                                      0x20000092   Data           2  app.o(.bss..L_MergedGlobals.15)
    pm2                                      0x20000094   Data           2  app.o(.bss..L_MergedGlobals.15)
    pm3                                      0x20000096   Data           2  app.o(.bss..L_MergedGlobals.15)
    pm4                                      0x20000098   Data           2  app.o(.bss..L_MergedGlobals.15)
    EnML_cnt                                 0x2000009a   Data           2  app.o(.bss..L_MergedGlobals.15)
    EnMR_cnt                                 0x2000009c   Data           2  app.o(.bss..L_MergedGlobals.15)
    Derivative                               0x200000a0   Data           4  app.o(.bss..L_MergedGlobals.15)
    buf1                                     0x200000b5   Data         200  app.o(.bss.buf1)
    flag_u1dmas                              0x2000017d   Data           1  app.o(.bss.flag_u1dmas)
    hdma_usart1_tx                           0x20000180   Data          68  usart.o(.bss.hdma_usart1_tx)
    htim1                                    0x200001c4   Data          72  tim.o(.bss.htim1)
    htim2                                    0x2000020c   Data          72  tim.o(.bss.htim2)
    htim3                                    0x20000254   Data          72  tim.o(.bss.htim3)
    htim4                                    0x2000029c   Data          72  tim.o(.bss.htim4)
    huart1                                   0x200002e4   Data          72  usart.o(.bss.huart1)
    oledbuf                                  0x2000032c   Data         200  app.o(.bss.oledbuf)
    sendbuf                                  0x200003f4   Data         200  app.o(.bss.sendbuf)
    uwTick                                   0x200004bc   Data           4  stm32f1xx_hal.o(.bss.uwTick)



==============================================================================

Memory Map of the image

  Image Entry point : 0x080000ed

  Load Region LR_IROM1 (Base: 0x08000000, Size: 0x000078e8, Max: 0x00010000, ABSOLUTE)

    Execution Region ER_IROM1 (Exec base: 0x08000000, Load base: 0x08000000, Size: 0x000078d0, Max: 0x00010000, ABSOLUTE)

    Exec Addr    Load Addr    Size         Type   Attr      Idx    E Section Name        Object

    0x08000000   0x08000000   0x000000ec   Data   RO            3    RESET               startup_stm32f103xb.o
    0x080000ec   0x080000ec   0x00000008   Code   RO         1126  * !!!main             c_w.l(__main.o)
    0x080000f4   0x080000f4   0x00000034   Code   RO         1493    !!!scatter          c_w.l(__scatter.o)
    0x08000128   0x08000128   0x0000001a   Code   RO         1495    !!handler_copy      c_w.l(__scatter_copy.o)
    0x08000142   0x08000142   0x00000002   PAD
    0x08000144   0x08000144   0x0000001c   Code   RO         1497    !!handler_zi        c_w.l(__scatter_zi.o)
    0x08000160   0x08000160   0x00000000   Code   RO         1115    .ARM.Collect$$_printf_percent$$00000000  c_w.l(_printf_percent.o)
    0x08000160   0x08000160   0x00000006   Code   RO         1114    .ARM.Collect$$_printf_percent$$00000003  c_w.l(_printf_f.o)
    0x08000166   0x08000166   0x00000006   Code   RO         1113    .ARM.Collect$$_printf_percent$$00000009  c_w.l(_printf_d.o)
    0x0800016c   0x0800016c   0x00000006   Code   RO         1112    .ARM.Collect$$_printf_percent$$0000000C  c_w.l(_printf_x.o)
    0x08000172   0x08000172   0x00000004   Code   RO         1163    .ARM.Collect$$_printf_percent$$00000017  c_w.l(_printf_percent_end.o)
    0x08000176   0x08000176   0x00000002   Code   RO         1297    .ARM.Collect$$libinit$$00000000  c_w.l(libinit.o)
    0x08000178   0x08000178   0x00000000   Code   RO         1299    .ARM.Collect$$libinit$$00000002  c_w.l(libinit2.o)
    0x08000178   0x08000178   0x00000000   Code   RO         1301    .ARM.Collect$$libinit$$00000004  c_w.l(libinit2.o)
    0x08000178   0x08000178   0x00000000   Code   RO         1303    .ARM.Collect$$libinit$$00000006  c_w.l(libinit2.o)
    0x08000178   0x08000178   0x00000000   Code   RO         1306    .ARM.Collect$$libinit$$0000000C  c_w.l(libinit2.o)
    0x08000178   0x08000178   0x00000000   Code   RO         1308    .ARM.Collect$$libinit$$0000000E  c_w.l(libinit2.o)
    0x08000178   0x08000178   0x00000000   Code   RO         1310    .ARM.Collect$$libinit$$00000010  c_w.l(libinit2.o)
    0x08000178   0x08000178   0x00000006   Code   RO         1311    .ARM.Collect$$libinit$$00000011  c_w.l(libinit2.o)
    0x0800017e   0x0800017e   0x00000000   Code   RO         1313    .ARM.Collect$$libinit$$00000013  c_w.l(libinit2.o)
    0x0800017e   0x0800017e   0x0000000c   Code   RO         1314    .ARM.Collect$$libinit$$00000014  c_w.l(libinit2.o)
    0x0800018a   0x0800018a   0x00000000   Code   RO         1315    .ARM.Collect$$libinit$$00000015  c_w.l(libinit2.o)
    0x0800018a   0x0800018a   0x00000000   Code   RO         1317    .ARM.Collect$$libinit$$00000017  c_w.l(libinit2.o)
    0x0800018a   0x0800018a   0x0000000a   Code   RO         1318    .ARM.Collect$$libinit$$00000018  c_w.l(libinit2.o)
    0x08000194   0x08000194   0x00000000   Code   RO         1319    .ARM.Collect$$libinit$$00000019  c_w.l(libinit2.o)
    0x08000194   0x08000194   0x00000000   Code   RO         1321    .ARM.Collect$$libinit$$0000001B  c_w.l(libinit2.o)
    0x08000194   0x08000194   0x00000000   Code   RO         1323    .ARM.Collect$$libinit$$0000001D  c_w.l(libinit2.o)
    0x08000194   0x08000194   0x00000000   Code   RO         1325    .ARM.Collect$$libinit$$0000001F  c_w.l(libinit2.o)
    0x08000194   0x08000194   0x00000000   Code   RO         1327    .ARM.Collect$$libinit$$00000021  c_w.l(libinit2.o)
    0x08000194   0x08000194   0x00000000   Code   RO         1329    .ARM.Collect$$libinit$$00000023  c_w.l(libinit2.o)
    0x08000194   0x08000194   0x00000000   Code   RO         1331    .ARM.Collect$$libinit$$00000025  c_w.l(libinit2.o)
    0x08000194   0x08000194   0x00000000   Code   RO         1333    .ARM.Collect$$libinit$$00000027  c_w.l(libinit2.o)
    0x08000194   0x08000194   0x00000000   Code   RO         1337    .ARM.Collect$$libinit$$0000002E  c_w.l(libinit2.o)
    0x08000194   0x08000194   0x00000000   Code   RO         1339    .ARM.Collect$$libinit$$00000030  c_w.l(libinit2.o)
    0x08000194   0x08000194   0x00000000   Code   RO         1341    .ARM.Collect$$libinit$$00000032  c_w.l(libinit2.o)
    0x08000194   0x08000194   0x00000000   Code   RO         1343    .ARM.Collect$$libinit$$00000034  c_w.l(libinit2.o)
    0x08000194   0x08000194   0x00000002   Code   RO         1344    .ARM.Collect$$libinit$$00000035  c_w.l(libinit2.o)
    0x08000196   0x08000196   0x00000002   Code   RO         1423    .ARM.Collect$$libshutdown$$00000000  c_w.l(libshutdown.o)
    0x08000198   0x08000198   0x00000000   Code   RO         1448    .ARM.Collect$$libshutdown$$00000002  c_w.l(libshutdown2.o)
    0x08000198   0x08000198   0x00000000   Code   RO         1450    .ARM.Collect$$libshutdown$$00000004  c_w.l(libshutdown2.o)
    0x08000198   0x08000198   0x00000000   Code   RO         1453    .ARM.Collect$$libshutdown$$00000007  c_w.l(libshutdown2.o)
    0x08000198   0x08000198   0x00000000   Code   RO         1456    .ARM.Collect$$libshutdown$$0000000A  c_w.l(libshutdown2.o)
    0x08000198   0x08000198   0x00000000   Code   RO         1458    .ARM.Collect$$libshutdown$$0000000C  c_w.l(libshutdown2.o)
    0x08000198   0x08000198   0x00000000   Code   RO         1461    .ARM.Collect$$libshutdown$$0000000F  c_w.l(libshutdown2.o)
    0x08000198   0x08000198   0x00000002   Code   RO         1462    .ARM.Collect$$libshutdown$$00000010  c_w.l(libshutdown2.o)
    0x0800019a   0x0800019a   0x00000000   Code   RO         1152    .ARM.Collect$$rtentry$$00000000  c_w.l(__rtentry.o)
    0x0800019a   0x0800019a   0x00000000   Code   RO         1184    .ARM.Collect$$rtentry$$00000002  c_w.l(__rtentry2.o)
    0x0800019a   0x0800019a   0x00000006   Code   RO         1196    .ARM.Collect$$rtentry$$00000004  c_w.l(__rtentry4.o)
    0x080001a0   0x080001a0   0x00000000   Code   RO         1186    .ARM.Collect$$rtentry$$00000009  c_w.l(__rtentry2.o)
    0x080001a0   0x080001a0   0x00000004   Code   RO         1187    .ARM.Collect$$rtentry$$0000000A  c_w.l(__rtentry2.o)
    0x080001a4   0x080001a4   0x00000000   Code   RO         1189    .ARM.Collect$$rtentry$$0000000C  c_w.l(__rtentry2.o)
    0x080001a4   0x080001a4   0x00000008   Code   RO         1190    .ARM.Collect$$rtentry$$0000000D  c_w.l(__rtentry2.o)
    0x080001ac   0x080001ac   0x00000002   Code   RO         1355    .ARM.Collect$$rtexit$$00000000  c_w.l(rtexit.o)
    0x080001ae   0x080001ae   0x00000000   Code   RO         1381    .ARM.Collect$$rtexit$$00000002  c_w.l(rtexit2.o)
    0x080001ae   0x080001ae   0x00000004   Code   RO         1382    .ARM.Collect$$rtexit$$00000003  c_w.l(rtexit2.o)
    0x080001b2   0x080001b2   0x00000006   Code   RO         1383    .ARM.Collect$$rtexit$$00000004  c_w.l(rtexit2.o)
    0x080001b8   0x080001b8   0x00000040   Code   RO            4    .text               startup_stm32f103xb.o
    0x080001f8   0x080001f8   0x00000028   Code   RO         1065    .text               c_w.l(noretval__2sprintf.o)
    0x08000220   0x08000220   0x00000078   Code   RO         1069    .text               c_w.l(_printf_dec.o)
    0x08000298   0x08000298   0x00000058   Code   RO         1074    .text               c_w.l(_printf_hex_int.o)
    0x080002f0   0x080002f0   0x0000010e   Code   RO         1100    .text               c_w.l(__printf_wp.o)
    0x080003fe   0x080003fe   0x00000002   PAD
    0x08000400   0x08000400   0x0000003c   Code   RO         1116    .text               c_w.l(__0sscanf.o)
    0x0800043c   0x0800043c   0x0000014c   Code   RO         1118    .text               c_w.l(_scanf_int.o)
    0x08000588   0x08000588   0x0000003e   Code   RO         1120    .text               c_w.l(strlen.o)
    0x080005c6   0x080005c6   0x00000044   Code   RO         1122    .text               c_w.l(rt_memclr.o)
    0x0800060a   0x0800060a   0x00000006   Code   RO         1124    .text               c_w.l(heapauxi.o)
    0x08000610   0x08000610   0x000000b2   Code   RO         1153    .text               c_w.l(_printf_intcommon.o)
    0x080006c2   0x080006c2   0x0000041c   Code   RO         1155    .text               c_w.l(_printf_fp_dec.o)
    0x08000ade   0x08000ade   0x00000002   PAD
    0x08000ae0   0x08000ae0   0x00000030   Code   RO         1159    .text               c_w.l(_printf_char_common.o)
    0x08000b10   0x08000b10   0x0000000a   Code   RO         1161    .text               c_w.l(_sputc.o)
    0x08000b1a   0x08000b1a   0x0000001c   Code   RO         1164    .text               c_w.l(_chval.o)
    0x08000b36   0x08000b36   0x00000002   PAD
    0x08000b38   0x08000b38   0x000004f8   Code   RO         1166    .text               c_w.l(scanf_fp.o)
    0x08001030   0x08001030   0x0000002c   Code   RO         1170    .text               c_w.l(scanf_char.o)
    0x0800105c   0x0800105c   0x00000040   Code   RO         1172    .text               c_w.l(_sgetc.o)
    0x0800109c   0x0800109c   0x0000004e   Code   RO         1174    .text               c_w.l(rt_memclr_w.o)
    0x080010ea   0x080010ea   0x00000002   PAD
    0x080010ec   0x080010ec   0x00000008   Code   RO         1201    .text               c_w.l(rt_locale_intlibspace.o)
    0x080010f4   0x080010f4   0x00000008   Code   RO         1206    .text               c_w.l(rt_errno_addr_intlibspace.o)
    0x080010fc   0x080010fc   0x00000026   Code   RO         1208    .text               c_w.l(llshl.o)
    0x08001122   0x08001122   0x0000008a   Code   RO         1210    .text               c_w.l(lludiv10.o)
    0x080011ac   0x080011ac   0x00000012   Code   RO         1212    .text               c_w.l(isspace.o)
    0x080011be   0x080011be   0x00000002   PAD
    0x080011c0   0x080011c0   0x00000080   Code   RO         1214    .text               c_w.l(_printf_fp_infnan.o)
    0x08001240   0x08001240   0x00000374   Code   RO         1218    .text               c_w.l(_scanf.o)
    0x080015b4   0x080015b4   0x000000e4   Code   RO         1220    .text               c_w.l(bigflt0.o)
    0x08001698   0x08001698   0x00000008   Code   RO         1273    .text               c_w.l(libspace.o)
    0x080016a0   0x080016a0   0x0000004a   Code   RO         1276    .text               c_w.l(sys_stackheap_outer.o)
    0x080016ea   0x080016ea   0x00000002   PAD
    0x080016ec   0x080016ec   0x00000010   Code   RO         1278    .text               c_w.l(rt_ctype_table.o)
    0x080016fc   0x080016fc   0x00000016   Code   RO         1280    .text               c_w.l(_rserrno.o)
    0x08001712   0x08001712   0x00000002   PAD
    0x08001714   0x08001714   0x00000320   Code   RO         1282    .text               c_w.l(scanf_hexfp.o)
    0x08001a34   0x08001a34   0x00000134   Code   RO         1284    .text               c_w.l(scanf_infnan.o)
    0x08001b68   0x08001b68   0x00000012   Code   RO         1288    .text               c_w.l(exit.o)
    0x08001b7a   0x08001b7a   0x00000002   PAD
    0x08001b7c   0x08001b7c   0x00000080   Code   RO         1290    .text               c_w.l(strcmpv7m.o)
    0x08001bfc   0x08001bfc   0x0000000c   Code   RO         1409    .text               c_w.l(sys_exit.o)
    0x08001c08   0x08001c08   0x00000002   Code   RO         1438    .text               c_w.l(use_no_semi.o)
    0x08001c0a   0x08001c0a   0x00000000   Code   RO         1440    .text               c_w.l(indicate_semi.o)
    0x08001c0a   0x08001c0a   0x00000002   PAD
    0x08001c0c   0x08001c0c   0x00000002   Code   RO           99    .text.BusFault_Handler  stm32f1xx_it.o
    0x08001c0e   0x08001c0e   0x00000002   PAD
    0x08001c10   0x08001c10   0x0000000c   Code   RO          119    .text.DMA1_Channel4_IRQHandler  stm32f1xx_it.o
    0x08001c1c   0x08001c1c   0x00000002   Code   RO          105    .text.DebugMon_Handler  stm32f1xx_it.o
    0x08001c1e   0x08001c1e   0x00000002   PAD
    0x08001c20   0x08001c20   0x00000006   Code   RO          111    .text.EXTI0_IRQHandler  stm32f1xx_it.o
    0x08001c26   0x08001c26   0x00000002   PAD
    0x08001c28   0x08001c28   0x0000001e   Code   RO          127    .text.EXTI15_10_IRQHandler  stm32f1xx_it.o
    0x08001c46   0x08001c46   0x00000002   PAD
    0x08001c48   0x08001c48   0x00000006   Code   RO          113    .text.EXTI1_IRQHandler  stm32f1xx_it.o
    0x08001c4e   0x08001c4e   0x00000002   PAD
    0x08001c50   0x08001c50   0x00000006   Code   RO          115    .text.EXTI2_IRQHandler  stm32f1xx_it.o
    0x08001c56   0x08001c56   0x00000002   PAD
    0x08001c58   0x08001c58   0x00000006   Code   RO          117    .text.EXTI3_IRQHandler  stm32f1xx_it.o
    0x08001c5e   0x08001c5e   0x00000002   PAD
    0x08001c60   0x08001c60   0x0000000a   Code   RO           15    .text.Error_Handler  main.o
    0x08001c6a   0x08001c6a   0x00000002   PAD
    0x08001c6c   0x08001c6c   0x00000040   Code   RO          753    .text.HAL_DMA_Abort  stm32f1xx_hal_dma.o
    0x08001cac   0x08001cac   0x000000ac   Code   RO          755    .text.HAL_DMA_Abort_IT  stm32f1xx_hal_dma.o
    0x08001d58   0x08001d58   0x00000168   Code   RO          759    .text.HAL_DMA_IRQHandler  stm32f1xx_hal_dma.o
    0x08001ec0   0x08001ec0   0x00000088   Code   RO          745    .text.HAL_DMA_Init  stm32f1xx_hal_dma.o
    0x08001f48   0x08001f48   0x00000098   Code   RO          751    .text.HAL_DMA_Start_IT  stm32f1xx_hal_dma.o
    0x08001fe0   0x08001fe0   0x00000028   Code   RO          628    .text.HAL_Delay     stm32f1xx_hal.o
    0x08002008   0x08002008   0x000001be   Code   RO          207    .text.HAL_GPIO_EXTI_Callback  app.o
    0x080021c6   0x080021c6   0x00000002   PAD
    0x080021c8   0x080021c8   0x0000001a   Code   RO          733    .text.HAL_GPIO_EXTI_IRQHandler  stm32f1xx_hal_gpio.o
    0x080021e2   0x080021e2   0x00000002   PAD
    0x080021e4   0x080021e4   0x000001fa   Code   RO          721    .text.HAL_GPIO_Init  stm32f1xx_hal_gpio.o
    0x080023de   0x080023de   0x00000002   PAD
    0x080023e0   0x080023e0   0x0000000a   Code   RO          725    .text.HAL_GPIO_ReadPin  stm32f1xx_hal_gpio.o
    0x080023ea   0x080023ea   0x00000002   PAD
    0x080023ec   0x080023ec   0x00000010   Code   RO          729    .text.HAL_GPIO_TogglePin  stm32f1xx_hal_gpio.o
    0x080023fc   0x080023fc   0x0000000a   Code   RO          727    .text.HAL_GPIO_WritePin  stm32f1xx_hal_gpio.o
    0x08002406   0x08002406   0x00000002   PAD
    0x08002408   0x08002408   0x0000000c   Code   RO          620    .text.HAL_GetTick   stm32f1xx_hal.o
    0x08002414   0x08002414   0x0000001a   Code   RO          618    .text.HAL_IncTick   stm32f1xx_hal.o
    0x0800242e   0x0800242e   0x00000002   PAD
    0x08002430   0x08002430   0x00000026   Code   RO          608    .text.HAL_Init      stm32f1xx_hal.o
    0x08002456   0x08002456   0x00000002   PAD
    0x08002458   0x08002458   0x00000050   Code   RO          610    .text.HAL_InitTick  stm32f1xx_hal.o
    0x080024a8   0x080024a8   0x00000042   Code   RO          137    .text.HAL_MspInit   stm32f1xx_hal_msp.o
    0x080024ea   0x080024ea   0x00000002   PAD
    0x080024ec   0x080024ec   0x00000020   Code   RO          781    .text.HAL_NVIC_EnableIRQ  stm32f1xx_hal_cortex.o
    0x0800250c   0x0800250c   0x00000056   Code   RO          779    .text.HAL_NVIC_SetPriority  stm32f1xx_hal_cortex.o
    0x08002562   0x08002562   0x00000002   PAD
    0x08002564   0x08002564   0x00000020   Code   RO          777    .text.HAL_NVIC_SetPriorityGrouping  stm32f1xx_hal_cortex.o
    0x08002584   0x08002584   0x000001ba   Code   RO          673    .text.HAL_RCC_ClockConfig  stm32f1xx_hal_rcc.o
    0x0800273e   0x0800273e   0x00000002   PAD
    0x08002740   0x08002740   0x00000026   Code   RO          685    .text.HAL_RCC_GetPCLK1Freq  stm32f1xx_hal_rcc.o
    0x08002766   0x08002766   0x00000002   PAD
    0x08002768   0x08002768   0x00000026   Code   RO          687    .text.HAL_RCC_GetPCLK2Freq  stm32f1xx_hal_rcc.o
    0x0800278e   0x0800278e   0x00000002   PAD
    0x08002790   0x08002790   0x00000330   Code   RO          671    .text.HAL_RCC_OscConfig  stm32f1xx_hal_rcc.o
    0x08002ac0   0x08002ac0   0x0000002c   Code   RO          789    .text.HAL_SYSTICK_Config  stm32f1xx_hal_cortex.o
    0x08002aec   0x08002aec   0x00000002   Code   RO          594    .text.HAL_TIMEx_BreakCallback  stm32f1xx_hal_tim_ex.o
    0x08002aee   0x08002aee   0x00000002   PAD
    0x08002af0   0x08002af0   0x00000002   Code   RO          590    .text.HAL_TIMEx_CommutCallback  stm32f1xx_hal_tim_ex.o
    0x08002af2   0x08002af2   0x00000002   PAD
    0x08002af4   0x08002af4   0x0000004c   Code   RO          586    .text.HAL_TIMEx_ConfigBreakDeadTime  stm32f1xx_hal_tim_ex.o
    0x08002b40   0x08002b40   0x00000076   Code   RO          584    .text.HAL_TIMEx_MasterConfigSynchronization  stm32f1xx_hal_tim_ex.o
    0x08002bb6   0x08002bb6   0x00000002   PAD
    0x08002bb8   0x08002bb8   0x000000d8   Code   RO          289    .text.HAL_TIM_Base_Init  stm32f1xx_hal_tim.o
    0x08002c90   0x08002c90   0x0000005a   Code   RO           53    .text.HAL_TIM_Base_MspInit  tim.o
    0x08002cea   0x08002cea   0x00000002   PAD
    0x08002cec   0x08002cec   0x0000005e   Code   RO          299    .text.HAL_TIM_Base_Start  stm32f1xx_hal_tim.o
    0x08002d4a   0x08002d4a   0x00000002   PAD
    0x08002d4c   0x08002d4c   0x00000066   Code   RO          303    .text.HAL_TIM_Base_Start_IT  stm32f1xx_hal_tim.o
    0x08002db2   0x08002db2   0x00000002   PAD
    0x08002db4   0x08002db4   0x0000019c   Code   RO          469    .text.HAL_TIM_ConfigClockSource  stm32f1xx_hal_tim.o
    0x08002f50   0x08002f50   0x00000138   Code   RO          403    .text.HAL_TIM_Encoder_Init  stm32f1xx_hal_tim.o
    0x08003088   0x08003088   0x00000118   Code   RO           55    .text.HAL_TIM_Encoder_MspInit  tim.o
    0x080031a0   0x080031a0   0x000000cc   Code   RO          411    .text.HAL_TIM_Encoder_Start  stm32f1xx_hal_tim.o
    0x0800326c   0x0800326c   0x00000002   Code   RO          425    .text.HAL_TIM_IC_CaptureCallback  stm32f1xx_hal_tim.o
    0x0800326e   0x0800326e   0x00000002   PAD
    0x08003270   0x08003270   0x0000016a   Code   RO          423    .text.HAL_TIM_IRQHandler  stm32f1xx_hal_tim.o
    0x080033da   0x080033da   0x00000002   PAD
    0x080033dc   0x080033dc   0x00000002   Code   RO          427    .text.HAL_TIM_OC_DelayElapsedCallback  stm32f1xx_hal_tim.o
    0x080033de   0x080033de   0x00000002   PAD
    0x080033e0   0x080033e0   0x000001fa   Code   RO          443    .text.HAL_TIM_PWM_ConfigChannel  stm32f1xx_hal_tim.o
    0x080035da   0x080035da   0x00000002   PAD
    0x080035dc   0x080035dc   0x000000d8   Code   RO          343    .text.HAL_TIM_PWM_Init  stm32f1xx_hal_tim.o
    0x080036b4   0x080036b4   0x00000002   Code   RO          345    .text.HAL_TIM_PWM_MspInit  stm32f1xx_hal_tim.o
    0x080036b6   0x080036b6   0x00000002   PAD
    0x080036b8   0x080036b8   0x00000002   Code   RO          429    .text.HAL_TIM_PWM_PulseFinishedCallback  stm32f1xx_hal_tim.o
    0x080036ba   0x080036ba   0x00000002   PAD
    0x080036bc   0x080036bc   0x000000c2   Code   RO          351    .text.HAL_TIM_PWM_Start  stm32f1xx_hal_tim.o
    0x0800377e   0x0800377e   0x00000002   PAD
    0x08003780   0x08003780   0x000000a2   Code   RO          353    .text.HAL_TIM_PWM_Stop  stm32f1xx_hal_tim.o
    0x08003822   0x08003822   0x00000002   PAD
    0x08003824   0x08003824   0x00000002   Code   RO          431    .text.HAL_TIM_PeriodElapsedCallback  stm32f1xx_hal_tim.o
    0x08003826   0x08003826   0x00000002   PAD
    0x08003828   0x08003828   0x00000002   Code   RO          433    .text.HAL_TIM_TriggerCallback  stm32f1xx_hal_tim.o
    0x0800382a   0x0800382a   0x00000002   PAD
    0x0800382c   0x0800382c   0x00000002   Code   RO         1026    .text.HAL_UARTEx_RxEventCallback  stm32f1xx_hal_uart.o
    0x0800382e   0x0800382e   0x00000002   PAD
    0x08003830   0x08003830   0x00000002   Code   RO         1024    .text.HAL_UART_ErrorCallback  stm32f1xx_hal_uart.o
    0x08003832   0x08003832   0x00000002   PAD
    0x08003834   0x08003834   0x000002f2   Code   RO         1018    .text.HAL_UART_IRQHandler  stm32f1xx_hal_uart.o
    0x08003b26   0x08003b26   0x00000002   PAD
    0x08003b28   0x08003b28   0x000000dc   Code   RO          942    .text.HAL_UART_Init  stm32f1xx_hal_uart.o
    0x08003c04   0x08003c04   0x000000ac   Code   RO           75    .text.HAL_UART_MspInit  usart.o
    0x08003cb0   0x08003cb0   0x00000054   Code   RO          962    .text.HAL_UART_Receive_IT  stm32f1xx_hal_uart.o
    0x08003d04   0x08003d04   0x00000044   Code   RO          211    .text.HAL_UART_RxCpltCallback  app.o
    0x08003d48   0x08003d48   0x0000007c   Code   RO          966    .text.HAL_UART_Transmit_DMA  stm32f1xx_hal_uart.o
    0x08003dc4   0x08003dc4   0x0000001e   Code   RO          209    .text.HAL_UART_TxCpltCallback  app.o
    0x08003de2   0x08003de2   0x00000002   PAD
    0x08003de4   0x08003de4   0x00000002   Code   RO         1030    .text.HAL_UART_TxHalfCpltCallback  stm32f1xx_hal_uart.o
    0x08003de6   0x08003de6   0x00000002   PAD
    0x08003de8   0x08003de8   0x00000002   Code   RO           95    .text.HardFault_Handler  stm32f1xx_it.o
    0x08003dea   0x08003dea   0x00000002   PAD
    0x08003dec   0x08003dec   0x00000032   Code   RO          162    .text.IIC_Init      bsp_iic.o
    0x08003e1e   0x08003e1e   0x00000002   PAD
    0x08003e20   0x08003e20   0x0000014a   Code   RO          152    .text.IIC_Send_Byte  bsp_iic.o
    0x08003f6a   0x08003f6a   0x00000002   PAD
    0x08003f6c   0x08003f6c   0x0000003e   Code   RO          148    .text.IIC_Start     bsp_iic.o
    0x08003faa   0x08003faa   0x00000002   PAD
    0x08003fac   0x08003fac   0x00000032   Code   RO          150    .text.IIC_Stop      bsp_iic.o
    0x08003fde   0x08003fde   0x00000002   PAD
    0x08003fe0   0x08003fe0   0x00000046   Code   RO          160    .text.IIC_Wait_Ack  bsp_iic.o
    0x08004026   0x08004026   0x00000002   PAD
    0x08004028   0x08004028   0x00000020   Code   RO           35    .text.MX_DMA_Init   dma.o
    0x08004048   0x08004048   0x0000014a   Code   RO           26    .text.MX_GPIO_Init  gpio.o
    0x08004192   0x08004192   0x00000002   PAD
    0x08004194   0x08004194   0x0000017a   Code   RO           43    .text.MX_TIM1_Init  tim.o
    0x0800430e   0x0800430e   0x00000002   PAD
    0x08004310   0x08004310   0x00000064   Code   RO           47    .text.MX_TIM2_Init  tim.o
    0x08004374   0x08004374   0x00000068   Code   RO           49    .text.MX_TIM3_Init  tim.o
    0x080043dc   0x080043dc   0x00000178   Code   RO           51    .text.MX_TIM4_Init  tim.o
    0x08004554   0x08004554   0x0000003c   Code   RO           73    .text.MX_USART1_UART_Init  usart.o
    0x08004590   0x08004590   0x00000002   Code   RO           97    .text.MemManage_Handler  stm32f1xx_it.o
    0x08004592   0x08004592   0x00000002   PAD
    0x08004594   0x08004594   0x00000002   Code   RO           93    .text.NMI_Handler   stm32f1xx_it.o
    0x08004596   0x08004596   0x00000002   PAD
    0x08004598   0x08004598   0x000000b8   Code   RO          246    .text.OLED_Clear    oled.o
    0x08004650   0x08004650   0x00000414   Code   RO          262    .text.OLED_Init     oled.o
    0x08004a64   0x08004a64   0x00000086   Code   RO          240    .text.OLED_Set_Pos  oled.o
    0x08004aea   0x08004aea   0x00000002   PAD
    0x08004aec   0x08004aec   0x000003ac   Code   RO          250    .text.OLED_ShowChar  oled.o
    0x08004e98   0x08004e98   0x00000040   Code   RO          256    .text.OLED_ShowString  oled.o
    0x08004ed8   0x08004ed8   0x00000002   Code   RO          107    .text.PendSV_Handler  stm32f1xx_it.o
    0x08004eda   0x08004eda   0x00000002   PAD
    0x08004edc   0x08004edc   0x00000002   Code   RO          103    .text.SVC_Handler   stm32f1xx_it.o
    0x08004ede   0x08004ede   0x00000002   PAD
    0x08004ee0   0x08004ee0   0x00000026   Code   RO          109    .text.SysTick_Handler  stm32f1xx_it.o
    0x08004f06   0x08004f06   0x00000002   PAD
    0x08004f08   0x08004f08   0x00000002   Code   RO          174    .text.SystemInit    system_stm32f1xx.o
    0x08004f0a   0x08004f0a   0x00000002   PAD
    0x08004f0c   0x08004f0c   0x0000000c   Code   RO          121    .text.TIM2_IRQHandler  stm32f1xx_it.o
    0x08004f18   0x08004f18   0x0000000c   Code   RO          123    .text.TIM3_IRQHandler  stm32f1xx_it.o
    0x08004f24   0x08004f24   0x00000010   Code   RO         1022    .text.UART_DMAAbortOnError  stm32f1xx_hal_uart.o
    0x08004f34   0x08004f34   0x000000a8   Code   RO          972    .text.UART_DMAError  stm32f1xx_hal_uart.o
    0x08004fdc   0x08004fdc   0x00000040   Code   RO          968    .text.UART_DMATransmitCplt  stm32f1xx_hal_uart.o
    0x0800501c   0x0800501c   0x0000000a   Code   RO          970    .text.UART_DMATxHalfCplt  stm32f1xx_hal_uart.o
    0x08005026   0x08005026   0x00000002   PAD
    0x08005028   0x08005028   0x000000c8   Code   RO         1020    .text.UART_Receive_IT  stm32f1xx_hal_uart.o
    0x080050f0   0x080050f0   0x0000000c   Code   RO          125    .text.USART1_IRQHandler  stm32f1xx_it.o
    0x080050fc   0x080050fc   0x00000002   Code   RO          101    .text.UsageFault_Handler  stm32f1xx_it.o
    0x080050fe   0x080050fe   0x00000002   PAD
    0x08005100   0x08005100   0x0000004e   Code   RO          195    .text.brakes        app.o
    0x0800514e   0x0800514e   0x00000002   PAD
    0x08005150   0x08005150   0x000002c2   Code   RO          201    .text.ctrdeal       app.o
    0x08005412   0x08005412   0x00000002   PAD
    0x08005414   0x08005414   0x00000464   Code   RO          205    .text.deal_u1dat    app.o
    0x08005878   0x08005878   0x00000208   Code   RO           11    .text.main          main.o
    0x08005a80   0x08005a80   0x000000f8   Code   RO          203    .text.sec_dealtask  app.o
    0x08005b78   0x08005b78   0x00000038   Code   RO           79    .text.u1dma_sendstr  usart.o
    0x08005bb0   0x08005bb0   0x0000003e   Code   RO         1223    CL$$btod_d2e        c_w.l(btod.o)
    0x08005bee   0x08005bee   0x00000046   Code   RO         1225    CL$$btod_d2e_denorm_low  c_w.l(btod.o)
    0x08005c34   0x08005c34   0x00000060   Code   RO         1224    CL$$btod_d2e_norm_op1  c_w.l(btod.o)
    0x08005c94   0x08005c94   0x00000338   Code   RO         1233    CL$$btod_div_common  c_w.l(btod.o)
    0x08005fcc   0x08005fcc   0x00000084   Code   RO         1231    CL$$btod_e2d        c_w.l(btod.o)
    0x08006050   0x08006050   0x000000dc   Code   RO         1230    CL$$btod_e2e        c_w.l(btod.o)
    0x0800612c   0x0800612c   0x0000002a   Code   RO         1227    CL$$btod_ediv       c_w.l(btod.o)
    0x08006156   0x08006156   0x0000002a   Code   RO         1229    CL$$btod_edivd      c_w.l(btod.o)
    0x08006180   0x08006180   0x0000002a   Code   RO         1226    CL$$btod_emul       c_w.l(btod.o)
    0x080061aa   0x080061aa   0x0000002a   Code   RO         1228    CL$$btod_emuld      c_w.l(btod.o)
    0x080061d4   0x080061d4   0x00000244   Code   RO         1232    CL$$btod_mult_common  c_w.l(btod.o)
    0x08006418   0x08006418   0x00000028   Code   RO         1265    i.__ARM_fpclassify  m_ws.l(fpclassify.o)
    0x08006440   0x08006440   0x0000000e   Code   RO         1397    i.__mathlib_dbl_overflow  m_ws.l(dunder.o)
    0x0800644e   0x0800644e   0x00000002   PAD
    0x08006450   0x08006450   0x00000010   Code   RO         1399    i.__mathlib_dbl_underflow  m_ws.l(dunder.o)
    0x08006460   0x08006460   0x00000010   Code   RO         1267    i.__mathlib_narrow  m_ws.l(narrow.o)
    0x08006470   0x08006470   0x000000bc   Code   RO         1268    i.__mathlib_tofloat  m_ws.l(narrow.o)
    0x0800652c   0x0800652c   0x00000016   Code   RO         1375    i.__support_ldexp   m_ws.l(ldexp.o)
    0x08006542   0x08006542   0x0000000e   Code   RO         1102    i._is_digit         c_w.l(__printf_wp.o)
    0x08006550   0x08006550   0x00000058   Code   RO         1352    i.frexp             m_ws.l(frexp.o)
    0x080065a8   0x080065a8   0x00000074   Code   RO         1376    i.ldexp             m_ws.l(ldexp.o)
    0x0800661c   0x0800661c   0x0000002c   Code   RO         1251    locale$$code        c_w.l(lc_numeric_c.o)
    0x08006648   0x08006648   0x0000002c   Code   RO         1360    locale$$code        c_w.l(lc_ctype_c.o)
    0x08006674   0x08006674   0x00000062   Code   RO         1345    x$fpl$d2f           fz_ws.l(d2f.o)
    0x080066d6   0x080066d6   0x00000002   PAD
    0x080066d8   0x080066d8   0x00000010   Code   RO         1391    x$fpl$dcheck1       fz_ws.l(dcheck1.o)
    0x080066e8   0x080066e8   0x00000018   Code   RO         1364    x$fpl$dcmpinf       fz_ws.l(dcmpi.o)
    0x08006700   0x08006700   0x00000078   Code   RO         1347    x$fpl$deqf          fz_ws.l(deqf.o)
    0x08006778   0x08006778   0x00000078   Code   RO         1366    x$fpl$dleqf         fz_ws.l(dleqf.o)
    0x080067f0   0x080067f0   0x0000009c   Code   RO         1368    x$fpl$dnaninf       fz_ws.l(dnaninf.o)
    0x0800688c   0x0800688c   0x0000000c   Code   RO         1176    x$fpl$dretinf       fz_ws.l(dretinf.o)
    0x08006898   0x08006898   0x0000006c   Code   RO         1349    x$fpl$drleqf        fz_ws.l(drleqf.o)
    0x08006904   0x08006904   0x00000056   Code   RO         1128    x$fpl$f2d           fz_ws.l(f2d.o)
    0x0800695a   0x0800695a   0x00000002   PAD
    0x0800695c   0x0800695c   0x000000c4   Code   RO         1130    x$fpl$fadd          fz_ws.l(faddsub_clz.o)
    0x08006a20   0x08006a20   0x00000036   Code   RO         1136    x$fpl$ffix          fz_ws.l(ffix.o)
    0x08006a56   0x08006a56   0x00000002   PAD
    0x08006a58   0x08006a58   0x00000030   Code   RO         1141    x$fpl$fflt          fz_ws.l(fflt_clz.o)
    0x08006a88   0x08006a88   0x00000102   Code   RO         1146    x$fpl$fmul          fz_ws.l(fmul.o)
    0x08006b8a   0x08006b8a   0x0000008c   Code   RO         1178    x$fpl$fnaninf       fz_ws.l(fnaninf.o)
    0x08006c16   0x08006c16   0x0000000a   Code   RO         1180    x$fpl$fretinf       fz_ws.l(fretinf.o)
    0x08006c20   0x08006c20   0x000000ea   Code   RO         1132    x$fpl$fsub          fz_ws.l(faddsub_clz.o)
    0x08006d0a   0x08006d0a   0x00000006   Code   RO         1257    x$fpl$ieeestatus    fz_ws.l(istatus.o)
    0x08006d10   0x08006d10   0x00000004   Code   RO         1148    x$fpl$printf1       fz_ws.l(printf1.o)
    0x08006d14   0x08006d14   0x00000064   Code   RO         1436    x$fpl$retnan        fz_ws.l(retnan.o)
    0x08006d78   0x08006d78   0x0000005c   Code   RO         1372    x$fpl$scalbn        fz_ws.l(scalbn.o)
    0x08006dd4   0x08006dd4   0x00000004   Code   RO         1150    x$fpl$scanf1        fz_ws.l(scanf1.o)
    0x08006dd8   0x08006dd8   0x00000008   Code   RO         1259    x$fpl$scanf2        fz_ws.l(scanf2.o)
    0x08006de0   0x08006de0   0x00000030   Code   RO         1463    x$fpl$trapveneer    fz_ws.l(trapv.o)
    0x08006e10   0x08006e10   0x00000000   Code   RO         1182    x$fpl$usenofp       fz_ws.l(usenofp.o)
    0x08006e10   0x08006e10   0x00000028   Data   RO         1075    .constdata          c_w.l(_printf_hex_int.o)
    0x08006e38   0x08006e38   0x00000094   Data   RO         1221    .constdata          c_w.l(bigflt0.o)
    0x08006ecc   0x08006ecc   0x00000010   Data   RO          179    .rodata.AHBPrescTable  system_stm32f1xx.o
    0x08006edc   0x08006edc   0x00000008   Data   RO          180    .rodata.APBPrescTable  system_stm32f1xx.o
    0x08006ee4   0x08006ee4   0x00000228   Data   RO          264    .rodata.F6x8        oled.o
    0x0800710c   0x0800710c   0x000005f0   Data   RO          265    .rodata.F8X16       oled.o
    0x080076fc   0x080076fc   0x00000002   Data   RO          698    .rodata.HAL_RCC_GetSysClockFreq.aPredivFactorTable  stm32f1xx_hal_rcc.o
    0x080076fe   0x080076fe   0x00000010   Data   RO          697    .rodata.cst16       stm32f1xx_hal_rcc.o
    0x0800770e   0x0800770e   0x00000063   Data   RO          216    .rodata.str1.1      app.o
    0x08007771   0x08007771   0x00000003   PAD
    0x08007774   0x08007774   0x00000020   Data   RO         1492    Region$$Table       anon$$obj.o
    0x08007794   0x08007794   0x00000008   Data   RO         1253    c$$dinf             fz_ws.l(fpconst.o)
    0x0800779c   0x0800779c   0x00000008   Data   RO         1256    c$$dmax             fz_ws.l(fpconst.o)
    0x080077a4   0x080077a4   0x0000001c   Data   RO         1250    locale$$data        c_w.l(lc_numeric_c.o)
    0x080077c0   0x080077c0   0x00000110   Data   RO         1359    locale$$data        c_w.l(lc_ctype_c.o)


    Execution Region RW_IRAM1 (Exec base: 0x20000000, Load base: 0x080078d0, Size: 0x00000ac0, Max: 0x00005000, ABSOLUTE)

    Exec Addr    Load Addr    Size         Type   Attr      Idx    E Section Name        Object

    0x20000000   0x080078d0   0x00000008   Data   RW          218    .data..L_MergedGlobals  app.o
    0x20000008   0x080078d8   0x00000004   Data   RW          178    .data.SystemCoreClock  system_stm32f1xx.o
    0x2000000c   0x080078dc   0x00000001   Data   RW          659    .data.uwTickFreq    stm32f1xx_hal.o
    0x2000000d   0x080078dd   0x00000003   PAD
    0x20000010   0x080078e0   0x00000004   Data   RW          658    .data.uwTickPrio    stm32f1xx_hal.o
    0x20000014   0x080078e4   0x00000004   PAD
    0x20000018        -       0x00000060   Zero   RW         1274    .bss                c_w.l(libspace.o)
    0x20000078        -       0x00000008   Zero   RW           18    .bss..L_MergedGlobals  main.o
    0x20000080        -       0x00000034   Zero   RW          219    .bss..L_MergedGlobals.15  app.o
    0x200000b4        -       0x00000001   Zero   RW          129    .bss.SysTick_Handler.ctrlpri  stm32f1xx_it.o
    0x200000b5        -       0x000000c8   Zero   RW          217    .bss.buf1           app.o
    0x2000017d        -       0x00000001   Zero   RW          213    .bss.flag_u1dmas    app.o
    0x2000017e   0x080078e4   0x00000002   PAD
    0x20000180        -       0x00000044   Zero   RW           84    .bss.hdma_usart1_tx  usart.o
    0x200001c4        -       0x00000048   Zero   RW           61    .bss.htim1          tim.o
    0x2000020c        -       0x00000048   Zero   RW           62    .bss.htim2          tim.o
    0x20000254        -       0x00000048   Zero   RW           63    .bss.htim3          tim.o
    0x2000029c        -       0x00000048   Zero   RW           64    .bss.htim4          tim.o
    0x200002e4        -       0x00000048   Zero   RW           83    .bss.huart1         usart.o
    0x2000032c        -       0x000000c8   Zero   RW          215    .bss.oledbuf        app.o
    0x200003f4        -       0x000000c8   Zero   RW          214    .bss.sendbuf        app.o
    0x200004bc        -       0x00000004   Zero   RW          660    .bss.uwTick         stm32f1xx_hal.o
    0x200004c0        -       0x00000200   Zero   RW            2    HEAP                startup_stm32f103xb.o
    0x200006c0        -       0x00000400   Zero   RW            1    STACK               startup_stm32f103xb.o


==============================================================================

Image component sizes


      Code (inc. data)   RO Data    RW Data    ZI Data      Debug   Object Name

      2700        340         99          8        653      11529   app.o
       562          0          0          0          0       3452   bsp_iic.o
        32          0          0          0          0        951   dma.o
       330          0          0          0          0       2855   gpio.o
       530         20          0          0          8       4878   main.o
      2366          0       2072          0          0       9674   oled.o
        64         26        236          0       1536        792   startup_stm32f103xb.o
       196          0          0          5          4       6029   stm32f1xx_hal.o
       194          0          0          0          0       8757   stm32f1xx_hal_cortex.o
       884          0          0          0          0       7813   stm32f1xx_hal_dma.o
       568         20          0          0          0       4906   stm32f1xx_hal_gpio.o
        66          0          0          0          0       1266   stm32f1xx_hal_msp.o
      1334          0         18          0          0       7830   stm32f1xx_hal_rcc.o
      2792          4          0          0          0      55248   stm32f1xx_hal_tim.o
       198          0          0          0          0      21273   stm32f1xx_hal_tim_ex.o
      1646          0          0          0          0      28109   stm32f1xx_hal_uart.o
       156          0          0          0          1       6553   stm32f1xx_it.o
         2          0         24          4          0       1691   system_stm32f1xx.o
      1328          0          0          0        288       9281   tim.o
       288          0          0          0        140       6145   usart.o

    ----------------------------------------------------------------------
     16356        410       2484         20       2636     199032   Object Totals
         0          0         32          0          0          0   (incl. Generated)
       120          0          3          3          6          0   (incl. Padding)

    ----------------------------------------------------------------------

      Code (inc. data)   RO Data    RW Data    ZI Data      Debug   Library Member Name

        60          8          0          0          0         84   __0sscanf.o
         8          0          0          0          0         68   __main.o
       284          0          0          0          0        156   __printf_wp.o
         0          0          0          0          0          0   __rtentry.o
        12          0          0          0          0          0   __rtentry2.o
         6          0          0          0          0          0   __rtentry4.o
        52          8          0          0          0          0   __scatter.o
        26          0          0          0          0          0   __scatter_copy.o
        28          0          0          0          0          0   __scatter_zi.o
        28          0          0          0          0         68   _chval.o
        48          6          0          0          0         96   _printf_char_common.o
         6          0          0          0          0          0   _printf_d.o
       120         16          0          0          0         92   _printf_dec.o
         6          0          0          0          0          0   _printf_f.o
      1052          0          0          0          0        148   _printf_fp_dec.o
       128         16          0          0          0         84   _printf_fp_infnan.o
        88          4         40          0          0         88   _printf_hex_int.o
       178          0          0          0          0         88   _printf_intcommon.o
         0          0          0          0          0          0   _printf_percent.o
         4          0          0          0          0          0   _printf_percent_end.o
         6          0          0          0          0          0   _printf_x.o
        22          0          0          0          0        100   _rserrno.o
       884          6          0          0          0        100   _scanf.o
       332          0          0          0          0         96   _scanf_int.o
        64          0          0          0          0         84   _sgetc.o
        10          0          0          0          0         68   _sputc.o
       228          4        148          0          0         96   bigflt0.o
      2152        136          0          0          0        956   btod.o
        18          0          0          0          0         80   exit.o
         6          0          0          0          0        152   heapauxi.o
         0          0          0          0          0          0   indicate_semi.o
        18          0          0          0          0         76   isspace.o
        44         10        272          0          0         76   lc_ctype_c.o
        44         10         28          0          0         76   lc_numeric_c.o
         2          0          0          0          0          0   libinit.o
        30          0          0          0          0          0   libinit2.o
         2          0          0          0          0          0   libshutdown.o
         2          0          0          0          0          0   libshutdown2.o
         8          4          0          0         96         68   libspace.o
        38          0          0          0          0         68   llshl.o
       138          0          0          0          0         80   lludiv10.o
        40          6          0          0          0         84   noretval__2sprintf.o
        16          4          0          0          0         76   rt_ctype_table.o
         8          4          0          0          0         68   rt_errno_addr_intlibspace.o
         8          4          0          0          0         68   rt_locale_intlibspace.o
        68          0          0          0          0         68   rt_memclr.o
        78          0          0          0          0         80   rt_memclr_w.o
         2          0          0          0          0          0   rtexit.o
        10          0          0          0          0          0   rtexit2.o
        44          8          0          0          0         84   scanf_char.o
      1272         16          0          0          0        168   scanf_fp.o
       800         14          0          0          0        100   scanf_hexfp.o
       308         16          0          0          0        100   scanf_infnan.o
       128          0          0          0          0         68   strcmpv7m.o
        62          0          0          0          0         76   strlen.o
        12          4          0          0          0         68   sys_exit.o
        74          0          0          0          0         80   sys_stackheap_outer.o
         2          0          0          0          0         68   use_no_semi.o
        98          4          0          0          0         92   d2f.o
        16          4          0          0          0         68   dcheck1.o
        24          0          0          0          0         68   dcmpi.o
       120          4          0          0          0         92   deqf.o
       120          4          0          0          0         92   dleqf.o
       156          4          0          0          0         92   dnaninf.o
        12          0          0          0          0         68   dretinf.o
       108          0          0          0          0         80   drleqf.o
        86          4          0          0          0         84   f2d.o
       430          8          0          0          0        168   faddsub_clz.o
        54          4          0          0          0         84   ffix.o
        48          0          0          0          0         68   fflt_clz.o
       258          4          0          0          0         84   fmul.o
       140          4          0          0          0         84   fnaninf.o
         0          0         16          0          0          0   fpconst.o
        10          0          0          0          0         68   fretinf.o
         6          0          0          0          0         68   istatus.o
         4          0          0          0          0         68   printf1.o
       100          0          0          0          0         68   retnan.o
        92          0          0          0          0         68   scalbn.o
         4          0          0          0          0         68   scanf1.o
         8          0          0          0          0         84   scanf2.o
        48          0          0          0          0         68   trapv.o
         0          0          0          0          0          0   usenofp.o
        30          6          0          0          0        136   dunder.o
        40          0          0          0          0         68   fpclassify.o
        88          8          0          0          0         76   frexp.o
       138          0          0          0          0        160   ldexp.o
       204          4          0          0          0        168   narrow.o

    ----------------------------------------------------------------------
     11584        366        504          0         96       6796   Library Totals
        28          0          0          0          0          0   (incl. Padding)

    ----------------------------------------------------------------------

      Code (inc. data)   RO Data    RW Data    ZI Data      Debug   Library Name

      9114        304        488          0         96       4404   c_w.l
      1942         44         16          0          0       1784   fz_ws.l
       500         18          0          0          0        608   m_ws.l

    ----------------------------------------------------------------------
     11584        366        504          0         96       6796   Library Totals

    ----------------------------------------------------------------------

==============================================================================


      Code (inc. data)   RO Data    RW Data    ZI Data      Debug   

     27940        776       2988         20       2732     201460   Grand Totals
     27940        776       2988         20       2732     201460   ELF Image Totals
     27940        776       2988         20          0          0   ROM Totals

==============================================================================

    Total RO  Size (Code + RO Data)                30928 (  30.20kB)
    Total RW  Size (RW Data + ZI Data)              2752 (   2.69kB)
    Total ROM Size (Code + RO Data + RW Data)      30948 (  30.22kB)

==============================================================================

